[lmbench3.0 results for Linux wangzc-wangzc 4.19.239-llvm10 #6 SMP Sat Apr 23 04:16:33 UTC 2022 x86_64 x86_64 x86_64 GNU/Linux]
[LMBENCH_VER: 3.0-a9]
[BENCHMARK_HARDWARE: NO]
[BENCHMARK_OS: YES]
[ALL: 512 1k 2k 4k 8k 16k 32k 64k 128k 256k 512k 1m 2m 4m 8m 16m 32m 64m]
[DISKS: ]
[DISK_DESC: ]
[ENOUGH: 10000]
[FAST: ]
[FASTMEM: NO]
[FILE: /var/tmp/XXX]
[FSDIR: /var/tmp]
[HALF: 512 1k 2k 4k 8k 16k 32k 64k 128k 256k 512k 1m 2m 4m 8m 16m 32m]
[INFO: INFO.wangzc-wangzc]
[LINE_SIZE: ]
[LOOP_O: 0.00000266]
[MB: 100]
[MHZ: 4686]
[MOTHERBOARD: ]
[NETWORKS: ]
[PROCESSORS: 16]
[REMOTE: ]
[SLOWFS: NO]
[OS: x86_64-linux-gnu]
[SYNC_MAX: 1]
[LMBENCH_SCHED: DEFAULT]
[TIMING_O: 0]
[LMBENCH VERSION: 3.0-a9]
[USER: root]
[HOSTNAME: wangzc-wangzc]
[NODENAME: wangzc-wangzc]
[SYSNAME: Linux]
[PROCESSOR: x86_64]
[MACHINE: x86_64]
[RELEASE: 4.19.239-llvm10]
[VERSION: #6 SMP Sat Apr 23 04:16:33 UTC 2022]
[BUSYBOX LINKAGE: : Dynamic ]
[2022年 05月 03日 星期二 20:31:23 CST]
[ 20:31:23 up 3:22, 1 user, load average: 1.11, 4.16, 24.13]
[net: Kernel Interface table]
[net: Iface      MTU    RX-OK RX-ERR RX-DRP RX-OVR    TX-OK TX-ERR TX-DRP TX-OVR Flg]
[net: enp2s0    1500    18559      0      0 0         10212      0      0      0 BMRU]
[if: enp2s0: flags=4163<UP,BROADCAST,RUNNING,MULTICAST>  mtu 1500]
[if: inet 192.168.1.103  netmask 255.255.255.0  broadcast 192.168.1.255]
[if: inet6 fe80::ee1:6a0d:cc8d:8d0a  prefixlen 64  scopeid 0x20<link>]
[if: ether 00:e0:97:1a:5e:d6  txqueuelen 1000  (以太网)]
[if: RX packets 18559  bytes 18972042 (18.9 MB)]
[if: RX errors 0  dropped 0  overruns 0  frame 0]
[if: TX packets 10212  bytes 742496 (742.4 KB)]
[if: TX errors 0  dropped 0 overruns 0  carrier 0  collisions 0]
[if: ]
[net: lo       65536 43964377      0      0 0      43964377      0      0      0 LRU]
[if: lo: flags=73<UP,LOOPBACK,RUNNING>  mtu 65536]
[if: inet 127.0.0.1  netmask 255.0.0.0]
[if: inet6 ::1  prefixlen 128  scopeid 0x10<host>]
[if: loop  txqueuelen 1000  (本地环回)]
[if: RX packets 43964377  bytes 824071655350 (824.0 GB)]
[if: RX errors 0  dropped 0  overruns 0  frame 0]
[if: TX packets 43964377  bytes 824071655350 (824.0 GB)]
[if: TX errors 0  dropped 0 overruns 0  carrier 0  collisions 0]
[if: ]
[mount: sysfs on /sys type sysfs (rw,nosuid,nodev,noexec,relatime)]
[mount: proc on /proc type proc (rw,nosuid,nodev,noexec,relatime)]
[mount: udev on /dev type devtmpfs (rw,nosuid,relatime,size=8073924k,nr_inodes=2018481,mode=755)]
[mount: devpts on /dev/pts type devpts (rw,nosuid,noexec,relatime,gid=5,mode=620,ptmxmode=000)]
[mount: tmpfs on /run type tmpfs (rw,nosuid,nodev,noexec,relatime,size=1618868k,mode=755)]
[mount: /dev/nvme0n1p2 on / type ext4 (rw,relatime,errors=remount-ro)]
[mount: securityfs on /sys/kernel/security type securityfs (rw,nosuid,nodev,noexec,relatime)]
[mount: tmpfs on /dev/shm type tmpfs (rw,nosuid,nodev)]
[mount: tmpfs on /run/lock type tmpfs (rw,nosuid,nodev,noexec,relatime,size=5120k)]
[mount: cgroup2 on /sys/fs/cgroup type cgroup2 (rw,nosuid,nodev,noexec,relatime,nsdelegate)]
[mount: pstore on /sys/fs/pstore type pstore (rw,nosuid,nodev,noexec,relatime)]
[mount: efivarfs on /sys/firmware/efi/efivars type efivarfs (rw,nosuid,nodev,noexec,relatime)]
[mount: bpf on /sys/fs/bpf type bpf (rw,nosuid,nodev,noexec,relatime,mode=700)]
[mount: systemd-1 on /proc/sys/fs/binfmt_misc type autofs (rw,relatime,fd=29,pgrp=1,timeout=0,minproto=5,maxproto=5,direct,pipe_ino=27187)]
[mount: hugetlbfs on /dev/hugepages type hugetlbfs (rw,relatime,pagesize=2M)]
[mount: mqueue on /dev/mqueue type mqueue (rw,nosuid,nodev,noexec,relatime)]
[mount: debugfs on /sys/kernel/debug type debugfs (rw,nosuid,nodev,noexec,relatime)]
[mount: tracefs on /sys/kernel/tracing type tracefs (rw,nosuid,nodev,noexec,relatime)]
[mount: fusectl on /sys/fs/fuse/connections type fusectl (rw,nosuid,nodev,noexec,relatime)]
[mount: configfs on /sys/kernel/config type configfs (rw,nosuid,nodev,noexec,relatime)]
[mount: binfmt_misc on /proc/sys/fs/binfmt_misc type binfmt_misc (rw,nosuid,nodev,noexec,relatime)]
[mount: tmpfs on /run/qemu type tmpfs (rw,nosuid,nodev,relatime,mode=755)]
[mount: /var/lib/snapd/snaps/core20_1405.snap on /snap/core20/1405 type squashfs (ro,nodev,relatime,x-gdu.hide)]
[mount: /var/lib/snapd/snaps/core_12941.snap on /snap/core/12941 type squashfs (ro,nodev,relatime,x-gdu.hide)]
[mount: /var/lib/snapd/snaps/bare_5.snap on /snap/bare/5 type squashfs (ro,nodev,relatime,x-gdu.hide)]
[mount: /var/lib/snapd/snaps/gnome-3-38-2004_87.snap on /snap/gnome-3-38-2004/87 type squashfs (ro,nodev,relatime,x-gdu.hide)]
[mount: /var/lib/snapd/snaps/core20_1434.snap on /snap/core20/1434 type squashfs (ro,nodev,relatime,x-gdu.hide)]
[mount: /var/lib/snapd/snaps/snap-store_557.snap on /snap/snap-store/557 type squashfs (ro,nodev,relatime,x-gdu.hide)]
[mount: /var/lib/snapd/snaps/tree_18.snap on /snap/tree/18 type squashfs (ro,nodev,relatime,x-gdu.hide)]
[mount: /dev/nvme0n1p1 on /boot/efi type vfat (rw,relatime,fmask=0077,dmask=0077,codepage=437,iocharset=iso8859-1,shortname=mixed,errors=remount-ro)]
[mount: /var/lib/snapd/snaps/gnome-3-38-2004_99.snap on /snap/gnome-3-38-2004/99 type squashfs (ro,nodev,relatime,x-gdu.hide)]
[mount: /var/lib/snapd/snaps/core_12834.snap on /snap/core/12834 type squashfs (ro,nodev,relatime,x-gdu.hide)]
[mount: /var/lib/snapd/snaps/firefox_1232.snap on /snap/firefox/1232 type squashfs (ro,nodev,relatime,x-gdu.hide)]
[mount: /var/lib/snapd/snaps/firefox_1188.snap on /snap/firefox/1188 type squashfs (ro,nodev,relatime,x-gdu.hide)]
[mount: /var/lib/snapd/snaps/snap-store_558.snap on /snap/snap-store/558 type squashfs (ro,nodev,relatime,x-gdu.hide)]
[mount: /var/lib/snapd/snaps/gtk-common-themes_1519.snap on /snap/gtk-common-themes/1519 type squashfs (ro,nodev,relatime,x-gdu.hide)]
[mount: /usr/share/wine/wine.squashfs on /run/wine type squashfs (ro,relatime)]
[mount: tmpfs on /run/user/1000 type tmpfs (rw,nosuid,nodev,relatime,size=1618864k,nr_inodes=404716,mode=700,uid=1000,gid=1000)]
[mount: gvfsd-fuse on /run/user/1000/gvfs type fuse.gvfsd-fuse (rw,nosuid,nodev,relatime,user_id=1000,group_id=1000)]
[mount: portal on /run/user/1000/doc type fuse.portal (rw,nosuid,nodev,relatime,user_id=1000,group_id=1000)]
[mount: tmpfs on /run/snapd/ns type tmpfs (rw,nosuid,nodev,noexec,relatime,size=1618868k,mode=755)]
[mount: nsfs on /run/snapd/ns/snap-store.mnt type nsfs (rw)]
[mount: tracefs on /sys/kernel/debug/tracing type tracefs (rw,nosuid,nodev,noexec,relatime)]
Simple syscall: 0.0405 microseconds
Simple read: 0.1202 microseconds
Simple write: 0.0683 microseconds
Simple stat: 0.2282 microseconds
Simple fstat: 0.1451 microseconds
Simple open/close: 0.4626 microseconds
Select on 10 fd's: 0.1436 microseconds
Select on 100 fd's: 0.6239 microseconds
Select on 250 fd's: 1.3833 microseconds
Select on 500 fd's: 2.7282 microseconds
Select on 10 tcp fd's: 0.1584 microseconds
Select on 100 tcp fd's: 1.0727 microseconds
Select on 250 tcp fd's: 2.6292 microseconds
Select on 500 tcp fd's: 6.1635 microseconds
Signal handler installation: 0.0933 microseconds
Signal handler overhead: 0.6400 microseconds
Protection fault: 0.3123 microseconds
Pipe latency: 2.2635 microseconds
AF_UNIX sock stream latency: 4.9923 microseconds
Process fork+exit: 67.1043 microseconds
Process fork+execve: 707.0000 microseconds
Process fork+/bin/sh -c: 1524.2857 microseconds
File /var/tmp/XXX write bandwidth: 1360939 KB/sec
Pagefaults on /var/tmp/XXX: 0.1283 microseconds

"mappings
0.524288 3.078
1.048576 5.445
2.097152 8.840
4.194304 15
8.388608 27
16.777216 55
33.554432 107
67.108864 216

"File system latency
0k	4229	380032	457691
1k	2630	252254	370145
4k	2602	254201	371851
10k	1788	168839	293536

UDP latency using localhost: 3.4400 microseconds
TCP latency using localhost: 4.2117 microseconds
TCP/IP connection cost to localhost: 5.5655 microseconds

Socket bandwidth using localhost
0.000001 7.67 MB/sec
0.000064 458.83 MB/sec
0.000128 922.12 MB/sec
0.000256 1692.56 MB/sec
0.000512 2681.20 MB/sec
0.001024 4754.47 MB/sec
0.001437 6183.79 MB/sec
10.000000 14279.34 MB/sec

Avg xfer: 3.2KB, 41.8KB in 1.0550 millisecs, 39.59 MB/sec
AF_UNIX sock stream bandwidth: 16686.09 MB/sec
Pipe bandwidth: 6250.27 MB/sec

"read bandwidth
0.000512 3026.49
0.001024 4652.56
0.002048 8961.49
0.004096 17046.26
0.008192 23097.95
0.016384 28237.78
0.032768 25350.74
0.065536 24461.37
0.131072 27054.77
0.262144 23475.25
0.524288 27094.49
1.05 22660.59
2.10 19384.64
4.19 15116.88
8.39 18659.60
16.78 15963.10
33.55 11608.52
67.11 9775.51

"read open2close bandwidth
0.000512 727.36
0.001024 1427.69
0.002048 2757.77
0.004096 5790.04
0.008192 8720.67
0.016384 15214.02
0.032768 16180.16
0.065536 20960.35
0.131072 19279.16
0.262144 23676.30
0.524288 20995.80
1.05 22415.66
2.10 18882.95
4.19 16910.97
8.39 18499.93
16.78 16079.93
33.55 11420.84
67.11 9159.12


"Mmap read bandwidth
0.000512 92071.61
0.001024 67345.91
0.002048 70124.70
0.004096 71374.30
0.008192 72019.13
0.016384 72290.05
0.032768 62404.22
0.065536 65786.84
0.131072 55545.25
0.262144 55394.66
0.524288 54295.81
1.05 49954.89
2.10 39860.38
4.19 36887.51
8.39 38459.10
16.78 29551.04
33.55 17742.72
67.11 14893.22

"Mmap read open2close bandwidth
0.000512 311.83
0.001024 730.67
0.002048 1409.16
0.004096 2861.60
0.008192 4323.06
0.016384 7145.61
0.032768 10269.39
0.065536 15105.52
0.131072 13708.52
0.262144 21612.05
0.524288 23978.33
1.05 23081.26
2.10 17562.17
4.19 16956.58
8.39 19638.38
16.78 22875.94
33.55 14611.75
67.11 10826.63


"libc bcopy unaligned
0.000512 160193.89
0.001024 208863.51
0.002048 176424.37
0.004096 255147.98
0.008192 283880.15
0.016384 291407.31
0.032768 65604.58
0.065536 66631.24
0.131072 66868.35
0.262144 66879.29
0.524288 52155.56
1.05 31954.78
2.10 30967.43
4.19 23062.81
8.39 22811.20
16.78 19856.50
33.55 13110.27

"libc bcopy aligned
0.000512 160193.99
0.001024 208851.97
0.002048 225130.61
0.004096 254455.75
0.008192 283776.53
0.016384 265897.14
0.032768 56320.31
0.065536 66473.17
0.131072 66537.64
0.262144 66277.92
0.524288 55182.89
1.05 33825.03
2.10 31395.06
4.19 22886.89
8.39 22826.14
16.78 17832.29
33.55 13378.96

Memory bzero bandwidth
0.000512 267125.15
0.001024 282662.64
0.002048 291127.30
0.004096 270546.33
0.008192 248717.57
0.016384 292106.56
0.032768 296047.17
0.065536 66727.33
0.131072 77208.43
0.262144 77319.96
0.524288 68325.52
1.05 73346.24
2.10 52637.08
4.19 48058.16
8.39 47684.05
16.78 36145.81
33.55 19521.63
67.11 13983.93

"unrolled bcopy unaligned
0.000512 37436.16
0.001024 37429.94
0.002048 37393.24
0.004096 37403.95
0.008192 32094.87
0.016384 37413.72
0.032768 25625.31
0.065536 29197.84
0.131072 28314.13
0.262144 24445.61
0.524288 25659.09
1.05 19432.19
2.10 17135.15
4.19 24549.27
8.39 14885.30
16.78 7472.48
33.55 8257.18

"unrolled partial bcopy unaligned
0.000512 124323.80
0.001024 149594.87
0.002048 149527.14
0.004096 149764.95
0.008192 149504.56
0.016384 126241.05
0.032768 51835.86
0.065536 59595.93
0.131072 50614.72
0.262144 59599.90
0.524288 46890.05
1.05 27498.33
2.10 25276.59
4.19 30958.50
8.39 24503.46
16.78 11584.19
33.55 8442.78

Memory read bandwidth
0.000512 35916.63
0.001024 29864.77
0.002048 36295.95
0.004096 36281.52
0.008192 30816.19
0.016384 31247.82
0.032768 30887.20
0.065536 24530.54
0.131072 24398.31
0.262144 35024.75
0.524288 28666.04
1.05 26787.32
2.10 24638.14
4.19 24209.55
8.39 24040.43
16.78 19912.70
33.55 26255.42
67.11 11047.64

Memory partial read bandwidth
0.000512 221088.34
0.001024 220763.99
0.002048 221226.97
0.004096 193070.83
0.008192 221337.30
0.016384 183426.91
0.032768 217341.04
0.065536 100519.03
0.131072 101841.49
0.262144 110315.84
0.524288 107197.32
1.05 95692.81
2.10 62993.06
4.19 60437.76
8.39 59799.68
16.78 47144.67
33.55 26540.98
67.11 19757.27

Memory write bandwidth
0.000512 37403.26
0.001024 31620.11
0.002048 37406.53
0.004096 37370.13
0.008192 37449.68
0.016384 37305.59
0.032768 32086.73
0.065536 28740.33
0.131072 33185.05
0.262144 33247.65
0.524288 32491.35
1.05 27958.38
2.10 25594.84
4.19 25279.94
8.39 29100.52
16.78 27716.47
33.55 17170.42
67.11 12206.05

Memory partial write bandwidth
0.000512 123891.35
0.001024 149721.02
0.002048 149692.00
0.004096 149557.59
0.008192 134130.90
0.016384 148563.37
0.032768 149577.24
0.065536 77168.83
0.131072 77198.78
0.262144 68630.08
0.524288 77209.25
1.05 70642.31
2.10 51001.52
4.19 40632.08
8.39 38973.62
16.78 40703.10
33.55 16675.77
67.11 11341.70

Memory partial read/write bandwidth
0.000512 74877.81
0.001024 74547.22
0.002048 74770.91
0.004096 74781.59
0.008192 65620.50
0.016384 61563.90
0.032768 60735.07
0.065536 74754.33
0.131072 74409.92
0.262144 74751.81
0.524288 74782.24
1.05 49114.31
2.10 23481.19
4.19 24026.95
8.39 23730.15
16.78 23036.59
33.55 15564.72
67.11 10920.89



"size=0k ovr=0.26
2 1.40
4 0.93
8 1.24
16 1.25
24 1.24
32 1.32
64 1.69
96 1.68

"size=4k ovr=0.33
2 1.64
4 1.21
8 1.14
16 1.07
24 1.37
32 1.48
64 1.41
96 1.88

"size=8k ovr=0.38
2 1.51
4 1.18
8 1.23
16 1.46
24 1.49
32 1.69
64 1.75
96 1.85

"size=16k ovr=0.49
2 1.00
4 1.18
8 1.22
16 1.44
24 1.51
32 1.71
64 1.86
96 1.74

"size=32k ovr=0.79
2 1.82
4 1.63
8 1.11
16 1.48
24 1.47
32 1.78
64 1.81
96 2.01

"size=64k ovr=1.46
2 1.74
4 1.20
8 1.33
16 1.44
24 1.44
32 1.67
64 2.07
96 2.75


[2022年 05月 03日 星期二 20:33:33 CST]
########################################
Kernel bootup logs (dmesg)
########################################
[    0.000000] Linux version 4.19.239-llvm10 (root@f8729f78e9c2) (clang version 10.0.0-4ubuntu1) #6 SMP Sat Apr 23 04:16:33 UTC 2022
[    0.000000] Command line: BOOT_IMAGE=/boot/vmlinuz-4.19.239-llvm10 root=UUID=e4dec1b8-2e34-4746-9de8-faf8ef8aac57 ro rootdelay=60 i915.force_probe=4680
[    0.000000] KERNEL supported cpus:
[    0.000000]   Intel GenuineIntel
[    0.000000]   AMD AuthenticAMD
[    0.000000]   Centaur CentaurHauls
[    0.000000] x86/fpu: Supporting XSAVE feature 0x001: 'x87 floating point registers'
[    0.000000] x86/fpu: Supporting XSAVE feature 0x002: 'SSE registers'
[    0.000000] x86/fpu: Supporting XSAVE feature 0x004: 'AVX registers'
[    0.000000] x86/fpu: Supporting XSAVE feature 0x200: 'Protection Keys User registers'
[    0.000000] x86/fpu: xstate_offset[2]:  576, xstate_sizes[2]:  256
[    0.000000] x86/fpu: xstate_offset[9]:  832, xstate_sizes[9]:    8
[    0.000000] x86/fpu: Enabled xstate features 0x207, context size is 840 bytes, using 'compacted' format.
[    0.000000] BIOS-provided physical RAM map:
[    0.000000] BIOS-e820: [mem 0x0000000000000000-0x000000000005dfff] usable
[    0.000000] BIOS-e820: [mem 0x000000000005e000-0x000000000005efff] reserved
[    0.000000] BIOS-e820: [mem 0x000000000005f000-0x000000000009ffff] usable
[    0.000000] BIOS-e820: [mem 0x00000000000a0000-0x00000000000fffff] reserved
[    0.000000] BIOS-e820: [mem 0x0000000000100000-0x00000000721e3fff] usable
[    0.000000] BIOS-e820: [mem 0x00000000721e4000-0x00000000752e3fff] reserved
[    0.000000] BIOS-e820: [mem 0x00000000752e4000-0x00000000753b7fff] ACPI data
[    0.000000] BIOS-e820: [mem 0x00000000753b8000-0x00000000758cdfff] ACPI NVS
[    0.000000] BIOS-e820: [mem 0x00000000758ce000-0x0000000075ffefff] reserved
[    0.000000] BIOS-e820: [mem 0x0000000075fff000-0x0000000075ffffff] usable
[    0.000000] BIOS-e820: [mem 0x0000000076000000-0x0000000079ffffff] reserved
[    0.000000] BIOS-e820: [mem 0x000000007aa00000-0x000000007abfffff] reserved
[    0.000000] BIOS-e820: [mem 0x000000007b000000-0x00000000803fffff] reserved
[    0.000000] BIOS-e820: [mem 0x00000000c0000000-0x00000000cfffffff] reserved
[    0.000000] BIOS-e820: [mem 0x00000000fe000000-0x00000000fe010fff] reserved
[    0.000000] BIOS-e820: [mem 0x00000000fec00000-0x00000000fec00fff] reserved
[    0.000000] BIOS-e820: [mem 0x00000000fed00000-0x00000000fed00fff] reserved
[    0.000000] BIOS-e820: [mem 0x00000000fed20000-0x00000000fed7ffff] reserved
[    0.000000] BIOS-e820: [mem 0x00000000fee00000-0x00000000fee00fff] reserved
[    0.000000] BIOS-e820: [mem 0x00000000ff000000-0x00000000ffffffff] reserved
[    0.000000] BIOS-e820: [mem 0x0000000100000000-0x000000047fbfffff] usable
[    0.000000] NX (Execute Disable) protection: active
[    0.000000] efi: EFI v2.80 by American Megatrends
[    0.000000] efi:  ACPI=0x75818000  ACPI 2.0=0x75818014  SMBIOS=0x75d89000  SMBIOS 3.0=0x75d88000  MEMATTR=0x6f1ff418  MPS=0xfcb70  ESRT=0x70260898 
[    0.000000] SMBIOS 3.3.0 present.
[    0.000000] DMI: Onda Technology Corporation ONDA MJZ690/ONDA MJZ690, BIOS 5.23 11/03/2021
[    0.000000] tsc: Detected 3700.000 MHz processor
[    0.000004] tsc: Detected 3686.400 MHz TSC
[    0.000004] e820: update [mem 0x00000000-0x00000fff] usable ==> reserved
[    0.000005] e820: remove [mem 0x000a0000-0x000fffff] usable
[    0.000009] last_pfn = 0x47fc00 max_arch_pfn = 0x400000000
[    0.000010] MTRR default type: uncachable
[    0.000011] MTRR fixed ranges enabled:
[    0.000011]   00000-9FFFF write-back
[    0.000012]   A0000-BFFFF uncachable
[    0.000012]   C0000-FFFFF write-protect
[    0.000012] MTRR variable ranges enabled:
[    0.000013]   0 base 000000000000 mask 3FF800000000 write-back
[    0.000013]   1 base 00007C000000 mask 3FFFFC000000 uncachable
[    0.000014]   2 base 000080000000 mask 3FFF80000000 uncachable
[    0.000014]   3 disabled
[    0.000014]   4 disabled
[    0.000014]   5 disabled
[    0.000015]   6 disabled
[    0.000015]   7 disabled
[    0.000015]   8 disabled
[    0.000015]   9 disabled
[    0.003731] x86/PAT: Configuration [0-7]: WB  WC  UC- UC  WB  WP  UC- WT  
[    0.004450] total RAM covered: 30656M
[    0.004611] Found optimal setting for mtrr clean up
[    0.004612]  gran_size: 64K 	chunk_size: 128M 	num_reg: 5  	lose cover RAM: 0G
[    0.008039] e820: update [mem 0x7c000000-0xffffffff] usable ==> reserved
[    0.008041] last_pfn = 0x76000 max_arch_pfn = 0x400000000
[    0.011679] found SMP MP-table at [mem 0x000fce40-0x000fce4f]
[    0.011686] esrt: Reserving ESRT space from 0x0000000070260898 to 0x0000000070260920.
[    0.011689] e820: update [mem 0x70260000-0x70260fff] usable ==> reserved
[    0.011700] Scanning 1 areas for low memory corruption
[    0.011703] Using GB pages for direct mapping
[    0.011840] Secure boot disabled
[    0.011841] RAMDISK: [mem 0x3e03f000-0x3fffdfff]
[    0.011844] ACPI: Early table checksum verification disabled
[    0.011846] ACPI: RSDP 0x0000000075818014 000024 (v02 ALASKA)
[    0.011849] ACPI: XSDT 0x0000000075817728 0000FC (v01 ALASKA A M I    01072009 AMI  01000013)
[    0.011852] ACPI: FACP 0x00000000753B4000 000114 (v06 ALASKA A M I    01072009 AMI  01000013)
[    0.011855] ACPI: DSDT 0x0000000075338000 07B07F (v02 ALASKA A M I    01072009 INTL 20200717)
[    0.011857] ACPI: FACS 0x00000000758CD000 000040
[    0.011858] ACPI: MCFG 0x00000000753B5000 00003C (v01 ALASKA A M I    01072009 MSFT 00000097)
[    0.011860] ACPI: FIDT 0x0000000075337000 00009C (v01 ALASKA A M I    01072009 AMI  00010013)
[    0.011862] ACPI: SSDT 0x0000000075331000 005CE0 (v02 CpuRef CpuSsdt  00003000 INTL 20200717)
[    0.011863] ACPI: SSDT 0x000000007532E000 0029E4 (v02 SaSsdt SaSsdt   00003000 INTL 20200717)
[    0.011865] ACPI: SSDT 0x000000007532A000 003316 (v02 INTEL  IgfxSsdt 00003000 INTL 20200717)
[    0.011866] ACPI: HPET 0x00000000753B7000 000038 (v01 ALASKA A M I    01072009 AMI  01000013)
[    0.011868] ACPI: APIC 0x00000000753B6000 0001DC (v05 ALASKA A M I    01072009 AMI  01000013)
[    0.011869] ACPI: SSDT 0x0000000075328000 001F1A (v02 ALASKA Ther_Rvp 00001000 INTL 20200717)
[    0.011870] ACPI: UEFI 0x00000000757FF000 000048 (v01 ALASKA A M I    01072009 AMI  01000013)
[    0.011872] ACPI: NHLT 0x0000000075327000 00002D (v00 ALASKA A M I    01072009 AMI  01000013)
[    0.011873] ACPI: LPIT 0x0000000075326000 0000CC (v01 ALASKA A M I    01072009 AMI  01000013)
[    0.011875] ACPI: SSDT 0x0000000075322000 002A83 (v02 ALASKA PtidDevc 00001000 INTL 20200717)
[    0.011876] ACPI: SSDT 0x000000007531F000 002357 (v02 ALASKA TbtTypeC 00000000 INTL 20200717)
[    0.011877] ACPI: DBGP 0x000000007531E000 000034 (v01 ALASKA A M I    01072009 AMI  01000013)
[    0.011879] ACPI: DBG2 0x000000007531D000 000054 (v00 ALASKA A M I    01072009 AMI  01000013)
[    0.011880] ACPI: DMAR 0x000000007531C000 000088 (v02 INTEL  EDK2     00000002      01000013)
[    0.011882] ACPI: SSDT 0x000000007531B000 000DF7 (v02 INTEL  xh_adls3 00000000 INTL 20200717)
[    0.011883] ACPI: SSDT 0x0000000075317000 003AEA (v02 SocGpe SocGpe   00003000 INTL 20200717)
[    0.011885] ACPI: SSDT 0x0000000075314000 002B2A (v02 SocCmn SocCmn   00003000 INTL 20200717)
[    0.011886] ACPI: SSDT 0x0000000075313000 000144 (v02 Intel  ADebTabl 00001000 INTL 20200717)
[    0.011887] ACPI: BGRT 0x0000000075312000 000038 (v01 ALASKA A M I    01072009 AMI  00010013)
[    0.011889] ACPI: TPM2 0x0000000075311000 00004C (v04 ALASKA A M I    00000001 AMI  00000000)
[    0.011890] ACPI: BERT 0x0000000075310000 000030 (v01 INTEL  EDK2     00000001 INTL 00000001)
[    0.011892] ACPI: PHAT 0x000000007530F000 0005ED (v00 ALASKA A M I    00000005 MSFT 0100000D)
[    0.011893] ACPI: WSMT 0x0000000075325000 000028 (v01 ALASKA A M I    01072009 AMI  00010013)
[    0.011895] ACPI: FPDT 0x000000007530E000 000044 (v01 ALASKA A M I    01072009 AMI  01000013)
[    0.011896] ACPI: Reserving FACP table memory at [mem 0x753b4000-0x753b4113]
[    0.011897] ACPI: Reserving DSDT table memory at [mem 0x75338000-0x753b307e]
[    0.011897] ACPI: Reserving FACS table memory at [mem 0x758cd000-0x758cd03f]
[    0.011898] ACPI: Reserving MCFG table memory at [mem 0x753b5000-0x753b503b]
[    0.011899] ACPI: Reserving FIDT table memory at [mem 0x75337000-0x7533709b]
[    0.011899] ACPI: Reserving SSDT table memory at [mem 0x75331000-0x75336cdf]
[    0.011900] ACPI: Reserving SSDT table memory at [mem 0x7532e000-0x753309e3]
[    0.011900] ACPI: Reserving SSDT table memory at [mem 0x7532a000-0x7532d315]
[    0.011901] ACPI: Reserving HPET table memory at [mem 0x753b7000-0x753b7037]
[    0.011901] ACPI: Reserving APIC table memory at [mem 0x753b6000-0x753b61db]
[    0.011902] ACPI: Reserving SSDT table memory at [mem 0x75328000-0x75329f19]
[    0.011902] ACPI: Reserving UEFI table memory at [mem 0x757ff000-0x757ff047]
[    0.011903] ACPI: Reserving NHLT table memory at [mem 0x75327000-0x7532702c]
[    0.011904] ACPI: Reserving LPIT table memory at [mem 0x75326000-0x753260cb]
[    0.011904] ACPI: Reserving SSDT table memory at [mem 0x75322000-0x75324a82]
[    0.011905] ACPI: Reserving SSDT table memory at [mem 0x7531f000-0x75321356]
[    0.011905] ACPI: Reserving DBGP table memory at [mem 0x7531e000-0x7531e033]
[    0.011906] ACPI: Reserving DBG2 table memory at [mem 0x7531d000-0x7531d053]
[    0.011906] ACPI: Reserving DMAR table memory at [mem 0x7531c000-0x7531c087]
[    0.011907] ACPI: Reserving SSDT table memory at [mem 0x7531b000-0x7531bdf6]
[    0.011907] ACPI: Reserving SSDT table memory at [mem 0x75317000-0x7531aae9]
[    0.011908] ACPI: Reserving SSDT table memory at [mem 0x75314000-0x75316b29]
[    0.011908] ACPI: Reserving SSDT table memory at [mem 0x75313000-0x75313143]
[    0.011909] ACPI: Reserving BGRT table memory at [mem 0x75312000-0x75312037]
[    0.011910] ACPI: Reserving TPM2 table memory at [mem 0x75311000-0x7531104b]
[    0.011910] ACPI: Reserving BERT table memory at [mem 0x75310000-0x7531002f]
[    0.011911] ACPI: Reserving PHAT table memory at [mem 0x7530f000-0x7530f5ec]
[    0.011911] ACPI: Reserving WSMT table memory at [mem 0x75325000-0x75325027]
[    0.011912] ACPI: Reserving FPDT table memory at [mem 0x7530e000-0x7530e043]
[    0.011927] ACPI: Local APIC address 0xfee00000
[    0.012074] No NUMA configuration found
[    0.012074] Faking a node at [mem 0x0000000000000000-0x000000047fbfffff]
[    0.012079] NODE_DATA(0) allocated [mem 0x47fbd4000-0x47fbfdfff]
[    0.012179] Zone ranges:
[    0.012179]   DMA      [mem 0x0000000000001000-0x0000000000ffffff]
[    0.012180]   DMA32    [mem 0x0000000001000000-0x00000000ffffffff]
[    0.012181]   Normal   [mem 0x0000000100000000-0x000000047fbfffff]
[    0.012181]   Device   empty
[    0.012182] Movable zone start for each node
[    0.012182] Early memory node ranges
[    0.012183]   node   0: [mem 0x0000000000001000-0x000000000005dfff]
[    0.012183]   node   0: [mem 0x000000000005f000-0x000000000009ffff]
[    0.012184]   node   0: [mem 0x0000000000100000-0x00000000721e3fff]
[    0.012184]   node   0: [mem 0x0000000075fff000-0x0000000075ffffff]
[    0.012185]   node   0: [mem 0x0000000100000000-0x000000047fbfffff]
[    0.012274] Zeroed struct page in unavailable ranges: 25213 pages
[    0.012275] Initmem setup node 0 [mem 0x0000000000001000-0x000000047fbfffff]
[    0.012276] On node 0 totalpages: 4136323
[    0.012277]   DMA zone: 64 pages used for memmap
[    0.012277]   DMA zone: 26 pages reserved
[    0.012277]   DMA zone: 3998 pages, LIFO batch:0
[    0.012297]   DMA32 zone: 7240 pages used for memmap
[    0.012297]   DMA32 zone: 463333 pages, LIFO batch:63
[    0.016307]   Normal zone: 57328 pages used for memmap
[    0.016308]   Normal zone: 3668992 pages, LIFO batch:63
[    0.041611] ACPI: PM-Timer IO Port: 0x1808
[    0.041612] ACPI: Local APIC address 0xfee00000
[    0.041615] ACPI: LAPIC_NMI (acpi_id[0x01] high edge lint[0x1])
[    0.041616] ACPI: LAPIC_NMI (acpi_id[0x02] high edge lint[0x1])
[    0.041616] ACPI: LAPIC_NMI (acpi_id[0x03] high edge lint[0x1])
[    0.041617] ACPI: LAPIC_NMI (acpi_id[0x04] high edge lint[0x1])
[    0.041617] ACPI: LAPIC_NMI (acpi_id[0x05] high edge lint[0x1])
[    0.041617] ACPI: LAPIC_NMI (acpi_id[0x06] high edge lint[0x1])
[    0.041618] ACPI: LAPIC_NMI (acpi_id[0x07] high edge lint[0x1])
[    0.041618] ACPI: LAPIC_NMI (acpi_id[0x08] high edge lint[0x1])
[    0.041619] ACPI: LAPIC_NMI (acpi_id[0x09] high edge lint[0x1])
[    0.041619] ACPI: LAPIC_NMI (acpi_id[0x0a] high edge lint[0x1])
[    0.041619] ACPI: LAPIC_NMI (acpi_id[0x0b] high edge lint[0x1])
[    0.041620] ACPI: LAPIC_NMI (acpi_id[0x0c] high edge lint[0x1])
[    0.041620] ACPI: LAPIC_NMI (acpi_id[0x0d] high edge lint[0x1])
[    0.041620] ACPI: LAPIC_NMI (acpi_id[0x0e] high edge lint[0x1])
[    0.041621] ACPI: LAPIC_NMI (acpi_id[0x0f] high edge lint[0x1])
[    0.041621] ACPI: LAPIC_NMI (acpi_id[0x10] high edge lint[0x1])
[    0.041621] ACPI: LAPIC_NMI (acpi_id[0x11] high edge lint[0x1])
[    0.041622] ACPI: LAPIC_NMI (acpi_id[0x12] high edge lint[0x1])
[    0.041622] ACPI: LAPIC_NMI (acpi_id[0x13] high edge lint[0x1])
[    0.041623] ACPI: LAPIC_NMI (acpi_id[0x14] high edge lint[0x1])
[    0.041623] ACPI: LAPIC_NMI (acpi_id[0x15] high edge lint[0x1])
[    0.041623] ACPI: LAPIC_NMI (acpi_id[0x16] high edge lint[0x1])
[    0.041624] ACPI: LAPIC_NMI (acpi_id[0x17] high edge lint[0x1])
[    0.041624] ACPI: LAPIC_NMI (acpi_id[0x00] high edge lint[0x1])
[    0.041647] IOAPIC[0]: apic_id 2, version 32, address 0xfec00000, GSI 0-119
[    0.041649] ACPI: INT_SRC_OVR (bus 0 bus_irq 0 global_irq 2 dfl dfl)
[    0.041649] ACPI: INT_SRC_OVR (bus 0 bus_irq 9 global_irq 9 high level)
[    0.041650] ACPI: IRQ0 used by override.
[    0.041651] ACPI: IRQ9 used by override.
[    0.041651] Using ACPI (MADT) for SMP configuration information
[    0.041652] ACPI: HPET id: 0x8086a201 base: 0xfed00000
[    0.041656] e820: update [mem 0x6bacb000-0x6bd0bfff] usable ==> reserved
[    0.041661] TSC deadline timer available
[    0.041661] smpboot: Allowing 16 CPUs, 0 hotplug CPUs
[    0.041671] PM: Registered nosave memory: [mem 0x00000000-0x00000fff]
[    0.041672] PM: Registered nosave memory: [mem 0x0005e000-0x0005efff]
[    0.041672] PM: Registered nosave memory: [mem 0x000a0000-0x000fffff]
[    0.041673] PM: Registered nosave memory: [mem 0x6bacb000-0x6bd0bfff]
[    0.041674] PM: Registered nosave memory: [mem 0x70260000-0x70260fff]
[    0.041675] PM: Registered nosave memory: [mem 0x721e4000-0x752e3fff]
[    0.041675] PM: Registered nosave memory: [mem 0x752e4000-0x753b7fff]
[    0.041676] PM: Registered nosave memory: [mem 0x753b8000-0x758cdfff]
[    0.041676] PM: Registered nosave memory: [mem 0x758ce000-0x75ffefff]
[    0.041677] PM: Registered nosave memory: [mem 0x76000000-0x79ffffff]
[    0.041677] PM: Registered nosave memory: [mem 0x7a000000-0x7a9fffff]
[    0.041677] PM: Registered nosave memory: [mem 0x7aa00000-0x7abfffff]
[    0.041678] PM: Registered nosave memory: [mem 0x7ac00000-0x7affffff]
[    0.041678] PM: Registered nosave memory: [mem 0x7b000000-0x803fffff]
[    0.041678] PM: Registered nosave memory: [mem 0x80400000-0xbfffffff]
[    0.041679] PM: Registered nosave memory: [mem 0xc0000000-0xcfffffff]
[    0.041679] PM: Registered nosave memory: [mem 0xd0000000-0xfdffffff]
[    0.041679] PM: Registered nosave memory: [mem 0xfe000000-0xfe010fff]
[    0.041680] PM: Registered nosave memory: [mem 0xfe011000-0xfebfffff]
[    0.041680] PM: Registered nosave memory: [mem 0xfec00000-0xfec00fff]
[    0.041681] PM: Registered nosave memory: [mem 0xfec01000-0xfecfffff]
[    0.041681] PM: Registered nosave memory: [mem 0xfed00000-0xfed00fff]
[    0.041681] PM: Registered nosave memory: [mem 0xfed01000-0xfed1ffff]
[    0.041682] PM: Registered nosave memory: [mem 0xfed20000-0xfed7ffff]
[    0.041682] PM: Registered nosave memory: [mem 0xfed80000-0xfedfffff]
[    0.041682] PM: Registered nosave memory: [mem 0xfee00000-0xfee00fff]
[    0.041683] PM: Registered nosave memory: [mem 0xfee01000-0xfeffffff]
[    0.041683] PM: Registered nosave memory: [mem 0xff000000-0xffffffff]
[    0.041684] [mem 0x80400000-0xbfffffff] available for PCI devices
[    0.041685] Booting paravirtualized kernel on bare hardware
[    0.041686] clocksource: refined-jiffies: mask: 0xffffffff max_cycles: 0xffffffff, max_idle_ns: 7645519600211568 ns
[    0.041692] random: get_random_bytes called from start_kernel+0x8d/0x438 with crng_init=0
[    0.041696] setup_percpu: NR_CPUS:8192 nr_cpumask_bits:16 nr_cpu_ids:16 nr_node_ids:1
[    0.042259] percpu: Embedded 51 pages/cpu s172032 r8192 d28672 u262144
[    0.042262] pcpu-alloc: s172032 r8192 d28672 u262144 alloc=1*2097152
[    0.042262] pcpu-alloc: [0] 00 01 02 03 04 05 06 07 [0] 08 09 10 11 12 13 14 15 
[    0.042274] Built 1 zonelists, mobility grouping on.  Total pages: 4071665
[    0.042275] Policy zone: Normal
[    0.042275] Kernel command line: BOOT_IMAGE=/boot/vmlinuz-4.19.239-llvm10 root=UUID=e4dec1b8-2e34-4746-9de8-faf8ef8aac57 ro rootdelay=60 i915.force_probe=4680
[    0.077528] Memory: 16067200K/16545292K available (14364K kernel code, 2603K rwdata, 4480K rodata, 2608K init, 4864K bss, 478092K reserved, 0K cma-reserved)
[    0.077554] SLUB: HWalign=64, Order=0-3, MinObjects=0, CPUs=16, Nodes=1
[    0.077558] ftrace: allocating 40194 entries in 158 pages
[    0.085328] rcu: Hierarchical RCU implementation.
[    0.085330] rcu: 	RCU restricting CPUs from NR_CPUS=8192 to nr_cpu_ids=16.
[    0.085330] rcu: Adjusting geometry for rcu_fanout_leaf=16, nr_cpu_ids=16
[    0.086074] NR_IRQS: 524544, nr_irqs: 2184, preallocated irqs: 16
[    0.086298] Console: colour dummy device 80x25
[    0.086385] console [tty0] enabled
[    0.086393] ACPI: Core revision 20180810
[    0.086667] clocksource: hpet: mask: 0xffffffff max_cycles: 0xffffffff, max_idle_ns: 99544814920 ns
[    0.086684] hpet clockevent registered
[    0.086704] APIC: Switch to symmetric I/O mode setup
[    0.086706] DMAR: Host address width 39
[    0.086707] DMAR: DRHD base: 0x000000fed90000 flags: 0x0
[    0.086710] DMAR: dmar0: reg_base_addr fed90000 ver 4:0 cap 1c0000c406f0462 ecap 29a08f0505e
[    0.086711] DMAR: DRHD base: 0x000000fed91000 flags: 0x1
[    0.086714] DMAR: dmar1: reg_base_addr fed91000 ver 5:0 cap 8d2008c40660462 ecap f050da
[    0.086716] DMAR: RMRR base: 0x0000007c000000 end: 0x000000803fffff
[    0.086717] DMAR-IR: IOAPIC id 2 under DRHD base  0xfed91000 IOMMU 1
[    0.086718] DMAR-IR: HPET id 0 under DRHD base 0xfed91000
[    0.086719] DMAR-IR: Queued invalidation will be enabled to support x2apic and Intr-remapping.
[    0.087600] DMAR-IR: Enabled IRQ remapping in x2apic mode
[    0.087602] x2apic enabled
[    0.087610] Switched APIC routing to cluster x2apic.
[    0.089934] ..TIMER: vector=0x30 apic1=0 pin1=2 apic2=-1 pin2=-1
[    0.106692] clocksource: tsc-early: mask: 0xffffffffffffffff max_cycles: 0x6a464ae9873, max_idle_ns: 881590529744 ns
[    0.106700] Calibrating delay loop (skipped), value calculated using timer frequency.. 7372.80 BogoMIPS (lpj=14745600)
[    0.106701] pid_max: default: 32768 minimum: 301
[    0.107254] Security Framework initialized
[    0.107255] Yama: becoming mindful.
[    0.107266] AppArmor: AppArmor initialized
[    0.109016] Dentry cache hash table entries: 2097152 (order: 12, 16777216 bytes)
[    0.109919] Inode-cache hash table entries: 1048576 (order: 11, 8388608 bytes)
[    0.109944] Mount-cache hash table entries: 32768 (order: 6, 262144 bytes)
[    0.109967] Mountpoint-cache hash table entries: 32768 (order: 6, 262144 bytes)
[    0.110106] x86/tme: not enabled by BIOS
[    0.110108] ENERGY_PERF_BIAS: Set to 'normal', was 'performance'
[    0.110109] ENERGY_PERF_BIAS: View and update with x86_energy_perf_policy(8)
[    0.110113] x86/cpu: Activated the Intel User Mode Instruction Prevention (UMIP) CPU feature
[    0.110138] CPU0: Thermal monitoring enabled (TM1)
[    0.110207] process: using mwait in idle threads
[    0.110209] Last level iTLB entries: 4KB 0, 2MB 0, 4MB 0
[    0.110209] Last level dTLB entries: 4KB 0, 2MB 0, 4MB 0, 1GB 0
[    0.110211] Spectre V1 : Mitigation: usercopy/swapgs barriers and __user pointer sanitization
[    0.110212] Spectre V2 : Mitigation: Enhanced IBRS
[    0.110213] Spectre V2 : Spectre v2 / SpectreRSB mitigation: Filling RSB on context switch
[    0.110217] Spectre V2 : mitigation: Enabling conditional Indirect Branch Prediction Barrier
[    0.110218] Speculative Store Bypass: Mitigation: Speculative Store Bypass disabled via prctl and seccomp
[    0.110477] Freeing SMP alternatives memory: 48K
[    0.112779] smpboot: CPU0: 12th Gen Intel(R) Core(TM) i5-12600K (family: 0x6, model: 0x97, stepping: 0x2)
[    0.112813] mce: [Hardware Error]: Machine check events logged
[    0.112814] mce: [Hardware Error]: CPU 0: Machine Check: 0 Bank 7: ea00000004850402
[    0.112815] mce: [Hardware Error]: TSC 0 
[    0.112816] mce: [Hardware Error]: PROCESSOR 0:90672 TIME 1651568945 SOCKET 0 APIC 0 microcode 9
[    0.112831] Performance Events: no PEBS fmt4+, generic architected perfmon, full-width counters, Intel PMU driver.
[    0.112835] ... version:                5
[    0.112835] ... bit width:              48
[    0.112836] ... generic registers:      6
[    0.112836] ... value mask:             0000ffffffffffff
[    0.112837] ... max period:             00007fffffffffff
[    0.112837] ... fixed-purpose events:   3
[    0.112838] ... event mask:             000000070000003f
[    0.112855] rcu: Hierarchical SRCU implementation.
[    0.113080] random: crng done (trusting CPU's manufacturer)
[    0.113317] NMI watchdog: Enabled. Permanently consumes one hw-PMU counter.
[    0.113381] smp: Bringing up secondary CPUs ...
[    0.113419] x86: Booting SMP configuration:
[    0.113419] .... node  #0, CPUs:        #1
[    0.000410] x86/cpu: Activated the Intel User Mode Instruction Prevention (UMIP) CPU feature
[    0.114694]   #2
[    0.000410] x86/cpu: Activated the Intel User Mode Instruction Prevention (UMIP) CPU feature
[    0.115656]   #3
[    0.000410] x86/cpu: Activated the Intel User Mode Instruction Prevention (UMIP) CPU feature
[    0.116612]   #4
[    0.000410] x86/cpu: Activated the Intel User Mode Instruction Prevention (UMIP) CPU feature
[    0.119604]   #5
[    0.000410] x86/cpu: Activated the Intel User Mode Instruction Prevention (UMIP) CPU feature
[    0.120533]   #6
[    0.000410] x86/cpu: Activated the Intel User Mode Instruction Prevention (UMIP) CPU feature
[    0.123456]   #7
[    0.000410] x86/cpu: Activated the Intel User Mode Instruction Prevention (UMIP) CPU feature
[    0.124511]   #8
[    0.000410] x86/cpu: Activated the Intel User Mode Instruction Prevention (UMIP) CPU feature
[    0.127294]   #9
[    0.000410] x86/cpu: Activated the Intel User Mode Instruction Prevention (UMIP) CPU feature
[    0.128521]  #10
[    0.000410] x86/cpu: Activated the Intel User Mode Instruction Prevention (UMIP) CPU feature
[    0.131142]  #11
[    0.000410] x86/cpu: Activated the Intel User Mode Instruction Prevention (UMIP) CPU feature
[    0.132497]  #12
[    0.000410] x86/cpu: Activated the Intel User Mode Instruction Prevention (UMIP) CPU feature
[    0.135450]  #13
[    0.000410] x86/cpu: Activated the Intel User Mode Instruction Prevention (UMIP) CPU feature
[    0.137106]  #14
[    0.000410] x86/cpu: Activated the Intel User Mode Instruction Prevention (UMIP) CPU feature
[    0.140329]  #15
[    0.000410] x86/cpu: Activated the Intel User Mode Instruction Prevention (UMIP) CPU feature
[    0.142768] smp: Brought up 1 node, 16 CPUs
[    0.142768] smpboot: Max logical packages: 1
[    0.142768] smpboot: Total of 16 processors activated (117964.80 BogoMIPS)
[    0.146979] devtmpfs: initialized
[    0.146979] x86/mm: Memory block size: 128MB
[    0.147288] PM: Registering ACPI NVS region [mem 0x753b8000-0x758cdfff] (5332992 bytes)
[    0.147288] clocksource: jiffies: mask: 0xffffffff max_cycles: 0xffffffff, max_idle_ns: 7645041785100000 ns
[    0.147288] futex hash table entries: 4096 (order: 6, 262144 bytes)
[    0.147288] pinctrl core: initialized pinctrl subsystem
[    0.147288] RTC time:  9:09:05, date: 05/03/22
[    0.147288] NET: Registered protocol family 16
[    0.147288] audit: initializing netlink subsys (disabled)
[    0.147288] audit: type=2000 audit(1651568945.064:1): state=initialized audit_enabled=0 res=1
[    0.147288] cpuidle: using governor ladder
[    0.147288] cpuidle: using governor menu
[    0.147288] ACPI FADT declares the system doesn't support PCIe ASPM, so disable it
[    0.147288] ACPI: bus type PCI registered
[    0.147288] acpiphp: ACPI Hot Plug PCI Controller Driver version: 0.5
[    0.147288] PCI: MMCONFIG for domain 0000 [bus 00-ff] at [mem 0xc0000000-0xcfffffff] (base 0xc0000000)
[    0.147288] PCI: MMCONFIG at [mem 0xc0000000-0xcfffffff] reserved in E820
[    0.147288] PCI: Using configuration type 1 for base access
[    0.147387] HugeTLB registered 1.00 GiB page size, pre-allocated 0 pages
[    0.147387] HugeTLB registered 2.00 MiB page size, pre-allocated 0 pages
[    0.147388] fbcon: Taking over console
[    0.147388] ACPI: Added _OSI(Module Device)
[    0.147388] ACPI: Added _OSI(Processor Device)
[    0.147388] ACPI: Added _OSI(3.0 _SCP Extensions)
[    0.147388] ACPI: Added _OSI(Processor Aggregator Device)
[    0.147388] ACPI: Added _OSI(Linux-Dell-Video)
[    0.147388] ACPI: Added _OSI(Linux-Lenovo-NV-HDMI-Audio)
[    0.183645] ACPI: 11 ACPI AML tables successfully acquired and loaded
[    0.190513] ACPI: Dynamic OEM Table Load:
[    0.190520] ACPI: SSDT 0xFFFF88846C969C00 0001AB (v02 PmRef  Cpu0Psd  00003000 INTL 20200717)
[    0.190662] ACPI: \_SB_.PR00: _OSC native thermal LVT Acked
[    0.191860] ACPI: Dynamic OEM Table Load:
[    0.191863] ACPI: SSDT 0xFFFF88846C925000 000394 (v02 PmRef  Cpu0Cst  00003001 INTL 20200717)
[    0.192094] ACPI: Dynamic OEM Table Load:
[    0.192097] ACPI: SSDT 0xFFFF88846CEA6800 0006EC (v02 PmRef  Cpu0Ist  00003000 INTL 20200717)
[    0.192391] ACPI: Dynamic OEM Table Load:
[    0.192394] ACPI: SSDT 0xFFFF88846CEA7000 00044D (v02 PmRef  Cpu0Hwp  00003000 INTL 20200717)
[    0.192839] ACPI: Dynamic OEM Table Load:
[    0.192844] ACPI: SSDT 0xFFFF88846D1EC000 001BAF (v02 PmRef  ApIst    00003000 INTL 20200717)
[    0.193510] ACPI: Dynamic OEM Table Load:
[    0.193514] ACPI: SSDT 0xFFFF88846D1EE000 001038 (v02 PmRef  ApHwp    00003000 INTL 20200717)
[    0.194019] ACPI: Dynamic OEM Table Load:
[    0.194023] ACPI: SSDT 0xFFFF88846C4B0000 001349 (v02 PmRef  ApPsd    00003000 INTL 20200717)
[    0.194545] ACPI: Dynamic OEM Table Load:
[    0.194548] ACPI: SSDT 0xFFFF88846F14C000 000FBB (v02 PmRef  ApCst    00003000 INTL 20200717)
[    0.198345] ACPI: Interpreter enabled
[    0.198365] ACPI: (supports S0 S3 S4 S5)
[    0.198366] ACPI: Using IOAPIC for interrupt routing
[    0.198385] PCI: Using host bridge windows from ACPI; if necessary, use "pci=nocrs" and report a bug
[    0.199164] ACPI: Enabled 6 GPEs in block 00 to 7F
[    0.212804] ACPI: Power Resource [WRST] (on)
[    0.218578] ACPI: Power Resource [FN00] (off)
[    0.218619] ACPI: Power Resource [FN01] (off)
[    0.218658] ACPI: Power Resource [FN02] (off)
[    0.218697] ACPI: Power Resource [FN03] (off)
[    0.218735] ACPI: Power Resource [FN04] (off)
[    0.219244] ACPI: Power Resource [PIN] (off)
[    0.219469] ACPI: PCI Root Bridge [PC00] (domain 0000 [bus 00-fe])
[    0.219471] acpi PNP0A08:00: _OSC: OS supports [ExtendedConfig ASPM ClockPM Segments MSI]
[    0.219603] acpi PNP0A08:00: _OSC: platform does not support [PCIeHotplug SHPCHotplug PME]
[    0.219727] acpi PNP0A08:00: _OSC: OS now controls [AER PCIeCapability LTR]
[    0.219728] acpi PNP0A08:00: FADT indicates ASPM is unsupported, using BIOS configuration
[    0.220484] PCI host bridge to bus 0000:00
[    0.220485] pci_bus 0000:00: root bus resource [io  0x0000-0x0cf7 window]
[    0.220486] pci_bus 0000:00: root bus resource [io  0x0d00-0xffff window]
[    0.220487] pci_bus 0000:00: root bus resource [mem 0x000a0000-0x000bffff window]
[    0.220488] pci_bus 0000:00: root bus resource [mem 0x80400000-0xbfffffff window]
[    0.220489] pci_bus 0000:00: root bus resource [mem 0x4000000000-0x7fffffffff window]
[    0.220490] pci_bus 0000:00: root bus resource [bus 00-fe]
[    0.220497] pci 0000:00:00.0: [8086:4648] type 00 class 0x060000
[    0.220631] pci 0000:00:02.0: [8086:4680] type 00 class 0x030000
[    0.220640] pci 0000:00:02.0: reg 0x10: [mem 0x6000000000-0x6000ffffff 64bit]
[    0.220644] pci 0000:00:02.0: reg 0x18: [mem 0x4000000000-0x400fffffff 64bit pref]
[    0.220647] pci 0000:00:02.0: reg 0x20: [io  0x4000-0x403f]
[    0.220657] pci 0000:00:02.0: BAR 2: assigned to efifb
[    0.220679] pci 0000:00:02.0: reg 0x344: [mem 0x00000000-0x00ffffff 64bit]
[    0.220680] pci 0000:00:02.0: VF(n) BAR0 space: [mem 0x00000000-0x06ffffff 64bit] (contains BAR0 for 7 VFs)
[    0.220684] pci 0000:00:02.0: reg 0x34c: [mem 0x00000000-0x1fffffff 64bit pref]
[    0.220684] pci 0000:00:02.0: VF(n) BAR2 space: [mem 0x00000000-0xdfffffff 64bit pref] (contains BAR2 for 7 VFs)
[    0.220787] pci 0000:00:06.0: [8086:464d] type 01 class 0x060400
[    0.220840] pci 0000:00:06.0: PME# supported from D0 D3hot D3cold
[    0.220851] pci 0000:00:06.0: PTM enabled (root), 4ns granularity
[    0.221005] pci 0000:00:14.0: [8086:7ae0] type 00 class 0x0c0330
[    0.221029] pci 0000:00:14.0: reg 0x10: [mem 0x6001100000-0x600110ffff 64bit]
[    0.221103] pci 0000:00:14.0: PME# supported from D3hot D3cold
[    0.221336] pci 0000:00:14.2: [8086:7aa7] type 00 class 0x050000
[    0.221359] pci 0000:00:14.2: reg 0x10: [mem 0x6001114000-0x6001117fff 64bit]
[    0.221371] pci 0000:00:14.2: reg 0x18: [mem 0x600111f000-0x600111ffff 64bit]
[    0.221562] pci 0000:00:15.0: [8086:7acc] type 00 class 0x0c8000
[    0.221596] pci 0000:00:15.0: reg 0x10: [mem 0x00000000-0x00000fff 64bit]
[    0.221829] pci 0000:00:15.2: [8086:7ace] type 00 class 0x0c8000
[    0.221864] pci 0000:00:15.2: reg 0x10: [mem 0x00000000-0x00000fff 64bit]
[    0.222102] pci 0000:00:15.3: [8086:7acf] type 00 class 0x0c8000
[    0.222132] pci 0000:00:15.3: reg 0x10: [mem 0x00000000-0x00000fff 64bit]
[    0.222337] pci 0000:00:16.0: [8086:7ae8] type 00 class 0x078000
[    0.222364] pci 0000:00:16.0: reg 0x10: [mem 0x600111b000-0x600111bfff 64bit]
[    0.222443] pci 0000:00:16.0: PME# supported from D3hot
[    0.222583] pci 0000:00:17.0: [8086:7ae2] type 00 class 0x010601
[    0.222602] pci 0000:00:17.0: reg 0x10: [mem 0x80600000-0x80601fff]
[    0.222609] pci 0000:00:17.0: reg 0x14: [mem 0x80603000-0x806030ff]
[    0.222616] pci 0000:00:17.0: reg 0x18: [io  0x4090-0x4097]
[    0.222624] pci 0000:00:17.0: reg 0x1c: [io  0x4080-0x4083]
[    0.222631] pci 0000:00:17.0: reg 0x20: [io  0x4060-0x407f]
[    0.222638] pci 0000:00:17.0: reg 0x24: [mem 0x80602000-0x806027ff]
[    0.222680] pci 0000:00:17.0: PME# supported from D3hot
[    0.222841] pci 0000:00:19.0: [8086:7afc] type 00 class 0x0c8000
[    0.222880] pci 0000:00:19.0: reg 0x10: [mem 0x00000000-0x00000fff 64bit]
[    0.223118] pci 0000:00:19.1: [8086:7afd] type 00 class 0x0c8000
[    0.223150] pci 0000:00:19.1: reg 0x10: [mem 0x00000000-0x00000fff 64bit]
[    0.223356] pci 0000:00:1c.0: [8086:7abc] type 01 class 0x060400
[    0.223455] pci 0000:00:1c.0: PME# supported from D0 D3hot D3cold
[    0.223476] pci 0000:00:1c.0: PTM enabled (root), 4ns granularity
[    0.223619] pci 0000:00:1f.0: [8086:7a84] type 00 class 0x060100
[    0.223824] pci 0000:00:1f.3: [8086:7ad0] type 00 class 0x040300
[    0.223878] pci 0000:00:1f.3: reg 0x10: [mem 0x6001110000-0x6001113fff 64bit]
[    0.223931] pci 0000:00:1f.3: reg 0x20: [mem 0x6001000000-0x60010fffff 64bit]
[    0.224033] pci 0000:00:1f.3: PME# supported from D3hot D3cold
[    0.224186] pci 0000:00:1f.4: [8086:7aa3] type 00 class 0x0c0500
[    0.224209] pci 0000:00:1f.4: reg 0x10: [mem 0x6001118000-0x60011180ff 64bit]
[    0.224235] pci 0000:00:1f.4: reg 0x20: [io  0xefa0-0xefbf]
[    0.224362] pci 0000:00:1f.5: [8086:7aa4] type 00 class 0x0c8000
[    0.224382] pci 0000:00:1f.5: reg 0x10: [mem 0xfe010000-0xfe010fff]
[    0.224563] pci 0000:01:00.0: [8086:f1aa] type 00 class 0x010802
[    0.224583] pci 0000:01:00.0: reg 0x10: [mem 0x80500000-0x80503fff 64bit]
[    0.224684] pci 0000:01:00.0: reg 0x1ac: [mem 0x00000000-0x00003fff 64bit]
[    0.224685] pci 0000:01:00.0: VF(n) BAR0 space: [mem 0x00000000-0x0001ffff 64bit] (contains BAR0 for 8 VFs)
[    0.224764] pci 0000:00:06.0: PCI bridge to [bus 01]
[    0.224767] pci 0000:00:06.0:   bridge window [mem 0x80500000-0x805fffff]
[    0.224826] pci 0000:02:00.0: [10ec:8168] type 00 class 0x020000
[    0.224863] pci 0000:02:00.0: reg 0x10: [io  0x3000-0x30ff]
[    0.224896] pci 0000:02:00.0: reg 0x18: [mem 0x80404000-0x80404fff 64bit]
[    0.224916] pci 0000:02:00.0: reg 0x20: [mem 0x80400000-0x80403fff 64bit]
[    0.225036] pci 0000:02:00.0: supports D1 D2
[    0.225036] pci 0000:02:00.0: PME# supported from D0 D1 D2 D3hot D3cold
[    0.225151] pci 0000:00:1c.0: PCI bridge to [bus 02]
[    0.225154] pci 0000:00:1c.0:   bridge window [io  0x3000-0x3fff]
[    0.225156] pci 0000:00:1c.0:   bridge window [mem 0x80400000-0x804fffff]
[    0.226960] ACPI: PCI Interrupt Link [LNKA] (IRQs 3 4 5 6 10 11 12 14 15) *0
[    0.227003] ACPI: PCI Interrupt Link [LNKB] (IRQs 3 4 5 6 10 11 12 14 15) *1
[    0.227045] ACPI: PCI Interrupt Link [LNKC] (IRQs 3 4 5 6 10 11 12 14 15) *0
[    0.227086] ACPI: PCI Interrupt Link [LNKD] (IRQs 3 4 5 6 10 11 12 14 15) *0
[    0.227127] ACPI: PCI Interrupt Link [LNKE] (IRQs 3 4 5 6 10 11 12 14 15) *0
[    0.227168] ACPI: PCI Interrupt Link [LNKF] (IRQs 3 4 5 6 10 11 12 14 15) *0
[    0.227209] ACPI: PCI Interrupt Link [LNKG] (IRQs 3 4 5 6 10 11 12 14 15) *0
[    0.227250] ACPI: PCI Interrupt Link [LNKH] (IRQs 3 4 5 6 10 11 12 14 15) *0
[    0.228238] pci 0000:00:02.0: vgaarb: setting as boot VGA device
[    0.228238] pci 0000:00:02.0: vgaarb: VGA device added: decodes=io+mem,owns=io+mem,locks=none
[    0.228238] pci 0000:00:02.0: vgaarb: bridge control possible
[    0.228238] vgaarb: loaded
[    0.228238] SCSI subsystem initialized
[    0.228238] libata version 3.00 loaded.
[    0.228238] ACPI: bus type USB registered
[    0.228238] usbcore: registered new interface driver usbfs
[    0.228238] usbcore: registered new interface driver hub
[    0.228238] usbcore: registered new device driver usb
[    0.228238] pps_core: LinuxPPS API ver. 1 registered
[    0.228238] pps_core: Software ver. 5.3.6 - Copyright 2005-2007 Rodolfo Giometti <giometti@linux.it>
[    0.228238] PTP clock support registered
[    0.228238] EDAC MC: Ver: 3.0.0
[    0.228238] Registered efivars operations
[    0.228238] PCI: Using ACPI for IRQ routing
[    0.238227] PCI: pci_cache_line_size set to 64 bytes
[    0.238346] pci 0000:00:1f.5: can't claim BAR 0 [mem 0xfe010000-0xfe010fff]: no compatible bridge window
[    0.238465] e820: reserve RAM buffer [mem 0x0005e000-0x0005ffff]
[    0.238466] e820: reserve RAM buffer [mem 0x6bacb000-0x6bffffff]
[    0.238466] e820: reserve RAM buffer [mem 0x70260000-0x73ffffff]
[    0.238466] e820: reserve RAM buffer [mem 0x721e4000-0x73ffffff]
[    0.238467] e820: reserve RAM buffer [mem 0x76000000-0x77ffffff]
[    0.238467] e820: reserve RAM buffer [mem 0x47fc00000-0x47fffffff]
[    0.238515] NetLabel: Initializing
[    0.238516] NetLabel:  domain hash size = 128
[    0.238516] NetLabel:  protocols = UNLABELED CIPSOv4 CALIPSO
[    0.238522] NetLabel:  unlabeled traffic allowed by default
[    0.238960] hpet0: at MMIO 0xfed00000, IRQs 2, 8, 0, 0, 0, 0, 0, 0
[    0.238961] hpet0: 8 comparators, 64-bit 19.200000 MHz counter
[    0.240998] clocksource: Switched to clocksource tsc-early
[    0.244435] VFS: Disk quotas dquot_6.6.0
[    0.244435] VFS: Dquot-cache hash table entries: 512 (order 0, 4096 bytes)
[    0.244435] AppArmor: AppArmor Filesystem Enabled
[    0.244435] pnp: PnP ACPI init
[    0.244435] system 00:00: [io  0x0a00-0x0a1f] has been reserved
[    0.244435] system 00:00: [io  0x0a20-0x0a2f] has been reserved
[    0.244435] system 00:00: [io  0x0a30-0x0a3f] has been reserved
[    0.244435] system 00:00: Plug and Play ACPI device, IDs PNP0c02 (active)
[    0.244435] pnp 00:01: [dma 0 disabled]
[    0.244435] pnp 00:01: Plug and Play ACPI device, IDs PNP0501 (active)
[    0.244435] system 00:02: [io  0x0680-0x069f] has been reserved
[    0.244435] system 00:02: [io  0x164e-0x164f] has been reserved
[    0.244435] system 00:02: Plug and Play ACPI device, IDs PNP0c02 (active)
[    0.244435] system 00:03: [io  0x1854-0x1857] has been reserved
[    0.244435] system 00:03: Plug and Play ACPI device, IDs PNP0c02 (active)
[    0.246616] pnp 00:04: disabling [mem 0xc0000000-0xcfffffff] because it overlaps 0000:00:02.0 BAR 9 [mem 0x00000000-0xdfffffff 64bit pref]
[    0.246637] system 00:04: [mem 0xfedc0000-0xfedc7fff] has been reserved
[    0.246638] system 00:04: [mem 0xfeda0000-0xfeda0fff] has been reserved
[    0.246638] system 00:04: [mem 0xfeda1000-0xfeda1fff] has been reserved
[    0.246639] system 00:04: [mem 0xfed20000-0xfed7ffff] could not be reserved
[    0.246640] system 00:04: [mem 0xfed90000-0xfed93fff] could not be reserved
[    0.246641] system 00:04: [mem 0xfed45000-0xfed8ffff] could not be reserved
[    0.246642] system 00:04: [mem 0xfee00000-0xfeefffff] could not be reserved
[    0.246644] system 00:04: Plug and Play ACPI device, IDs PNP0c02 (active)
[    0.246997] system 00:05: [io  0x2000-0x20fe] has been reserved
[    0.246999] system 00:05: Plug and Play ACPI device, IDs PNP0c02 (active)
[    0.247158] system 00:06: Plug and Play ACPI device, IDs PNP0c02 (active)
[    0.247342] pnp: PnP ACPI: found 7 devices
[    0.252320] clocksource: acpi_pm: mask: 0xffffff max_cycles: 0xffffff, max_idle_ns: 2085701024 ns
[    0.252323] pci_bus 0000:00: max bus depth: 1 pci_try_num: 2
[    0.252327] pci 0000:00:02.0: BAR 9: assigned [mem 0x4020000000-0x40ffffffff 64bit pref]
[    0.252330] pci 0000:00:02.0: BAR 7: assigned [mem 0x4010000000-0x4016ffffff 64bit]
[    0.252331] pci 0000:00:15.0: BAR 0: assigned [mem 0x4017000000-0x4017000fff 64bit]
[    0.252391] pci 0000:00:15.2: BAR 0: assigned [mem 0x4017001000-0x4017001fff 64bit]
[    0.252405] pci 0000:00:15.3: BAR 0: assigned [mem 0x4017002000-0x4017002fff 64bit]
[    0.252462] pci 0000:00:19.0: BAR 0: assigned [mem 0x4017003000-0x4017003fff 64bit]
[    0.252476] pci 0000:00:19.1: BAR 0: assigned [mem 0x4017004000-0x4017004fff 64bit]
[    0.252491] pci 0000:00:1f.5: BAR 0: assigned [mem 0x80604000-0x80604fff]
[    0.252502] pci 0000:01:00.0: BAR 7: assigned [mem 0x80504000-0x80523fff 64bit]
[    0.252505] pci 0000:00:06.0: PCI bridge to [bus 01]
[    0.252507] pci 0000:00:06.0:   bridge window [mem 0x80500000-0x805fffff]
[    0.252511] pci 0000:00:1c.0: PCI bridge to [bus 02]
[    0.252518] pci 0000:00:1c.0:   bridge window [io  0x3000-0x3fff]
[    0.252522] pci 0000:00:1c.0:   bridge window [mem 0x80400000-0x804fffff]
[    0.252529] pci_bus 0000:00: resource 4 [io  0x0000-0x0cf7 window]
[    0.252530] pci_bus 0000:00: resource 5 [io  0x0d00-0xffff window]
[    0.252530] pci_bus 0000:00: resource 6 [mem 0x000a0000-0x000bffff window]
[    0.252531] pci_bus 0000:00: resource 7 [mem 0x80400000-0xbfffffff window]
[    0.252531] pci_bus 0000:00: resource 8 [mem 0x4000000000-0x7fffffffff window]
[    0.252532] pci_bus 0000:01: resource 1 [mem 0x80500000-0x805fffff]
[    0.252532] pci_bus 0000:02: resource 0 [io  0x3000-0x3fff]
[    0.252533] pci_bus 0000:02: resource 1 [mem 0x80400000-0x804fffff]
[    0.252628] NET: Registered protocol family 2
[    0.252823] IP idents hash table entries: 262144 (order: 9, 2097152 bytes)
[    0.253540] tcp_listen_portaddr_hash hash table entries: 8192 (order: 5, 131072 bytes)
[    0.253562] TCP established hash table entries: 131072 (order: 8, 1048576 bytes)
[    0.253650] TCP bind hash table entries: 65536 (order: 8, 1048576 bytes)
[    0.253739] TCP: Hash tables configured (established 131072 bind 65536)
[    0.253771] UDP hash table entries: 8192 (order: 6, 262144 bytes)
[    0.253802] UDP-Lite hash table entries: 8192 (order: 6, 262144 bytes)
[    0.253845] NET: Registered protocol family 1
[    0.253848] NET: Registered protocol family 44
[    0.253853] pci 0000:00:02.0: Video device with shadowed ROM at [mem 0x000c0000-0x000dffff]
[    0.254148] PCI: CLS 64 bytes, default 64
[    0.254166] Unpacking initramfs...
[    0.499986] Freeing initrd memory: 32508K
[    0.530738] PCI-DMA: Using software bounce buffering for IO (SWIOTLB)
[    0.530745] software IO TLB: mapped [mem 0x67acb000-0x6bacb000] (64MB)
[    0.530985] kvm: already loaded the other module
[    0.530987] clocksource: tsc: mask: 0xffffffffffffffff max_cycles: 0x6a464ae9873, max_idle_ns: 881590529744 ns
[    0.531001] clocksource: Switched to clocksource tsc
[    0.531012] platform rtc_cmos: registered platform RTC device (no PNP device found)
[    0.531124] Scanning for low memory corruption every 60 seconds
[    0.531506] Initialise system trusted keyrings
[    0.531535] workingset: timestamp_bits=36 max_order=22 bucket_order=0
[    0.531950] zbud: loaded
[    0.532130] squashfs: version 4.0 (2009/01/31) Phillip Lougher
[    0.532195] fuse init (API version 7.27)
[    0.532758] Key type asymmetric registered
[    0.532759] Asymmetric key parser 'x509' registered
[    0.532762] Block layer SCSI generic (bsg) driver version 0.4 loaded (major 243)
[    0.532774] io scheduler noop registered
[    0.532775] io scheduler deadline registered
[    0.532783] io scheduler cfq registered (default)
[    0.532784] io scheduler mq-deadline registered
[    0.533013] pcieport 0000:00:06.0: AER enabled with IRQ 122
[    0.533034] dpc 0000:00:06.0:pcie008: DPC error containment capabilities: Int Msg #0, RPExt+ PoisonedTLP+ SwTrigger+ RP PIO Log 4, DL_ActiveErr+
[    0.533186] pcieport 0000:00:1c.0: AER enabled with IRQ 123
[    0.533205] dpc 0000:00:1c.0:pcie008: DPC error containment capabilities: Int Msg #0, RPExt+ PoisonedTLP+ SwTrigger+ RP PIO Log 4, DL_ActiveErr+
[    0.533255] shpchp: Standard Hot Plug PCI Controller Driver version: 0.4
[    0.533282] efifb: probing for efifb
[    0.533287] efifb: framebuffer at 0x4000000000, using 3072k, total 3072k
[    0.533288] efifb: mode is 1024x768x32, linelength=4096, pages=1
[    0.533289] efifb: scrolling: redraw
[    0.533289] efifb: Truecolor: size=8:8:8:8, shift=24:16:8:0
[    0.533327] Console: switching to colour frame buffer device 128x48
[    0.534159] fb0: EFI VGA frame buffer device
[    0.534168] intel_idle: does not run on family 6 model 151
[    0.534231] input: Sleep Button as /devices/LNXSYSTM:00/LNXSYBUS:00/PNP0C0E:00/input/input0
[    0.534248] ACPI: Sleep Button [SLPB]
[    0.534266] input: Power Button as /devices/LNXSYSTM:00/LNXSYBUS:00/PNP0C0C:00/input/input1
[    0.534281] ACPI: Power Button [PWRB]
[    0.534296] input: Power Button as /devices/LNXSYSTM:00/LNXPWRBN:00/input/input2
[    0.534314] ACPI: Power Button [PWRF]
[    0.534641] Monitor-Mwait will be used to enter C-1 state
[    0.534652] Monitor-Mwait will be used to enter C-2 state
[    0.534660] Monitor-Mwait will be used to enter C-3 state
[    0.537682] thermal LNXTHERM:00: registered as thermal_zone0
[    0.537693] ACPI: Thermal Zone [TZ00] (28 C)
[    0.537798] Serial: 8250/16550 driver, 32 ports, IRQ sharing enabled
[    0.560076] 00:01: ttyS0 at I/O 0x3f8 (irq = 4, base_baud = 115200) is a 16550A
[    0.560966] Linux agpgart interface v0.103
[    0.571465] loop: module loaded
[    0.571819] nvme nvme0: pci function 0000:01:00.0
[    0.571855] tun: Universal TUN/TAP device driver, 1.6
[    0.571877] PPP generic driver version 2.4.2
[    0.571990] VFIO - User Level meta-driver version: 0.3
[    0.572079] ehci_hcd: USB 2.0 'Enhanced' Host Controller (EHCI) Driver
[    0.572091] ehci-pci: EHCI PCI platform driver
[    0.572101] ehci-platform: EHCI generic platform driver
[    0.572116] ohci_hcd: USB 1.1 'Open' Host Controller (OHCI) Driver
[    0.572126] ohci-pci: OHCI PCI platform driver
[    0.572136] ohci-platform: OHCI generic platform driver
[    0.572534] uhci_hcd: USB Universal Host Controller Interface driver
[    0.573041] xhci_hcd 0000:00:14.0: xHCI Host Controller
[    0.573443] xhci_hcd 0000:00:14.0: new USB bus registered, assigned bus number 1
[    0.574930] xhci_hcd 0000:00:14.0: hcc params 0x20007fc1 hci version 0x120 quirks 0x0000000000009810
[    0.575348] xhci_hcd 0000:00:14.0: cache line size of 64 is not supported
[    0.575485] usb usb1: New USB device found, idVendor=1d6b, idProduct=0002, bcdDevice= 4.19
[    0.575903] usb usb1: New USB device strings: Mfr=3, Product=2, SerialNumber=1
[    0.576316] usb usb1: Product: xHCI Host Controller
[    0.576730] usb usb1: Manufacturer: Linux 4.19.239-llvm10 xhci-hcd
[    0.577142] usb usb1: SerialNumber: 0000:00:14.0
[    0.577667] hub 1-0:1.0: USB hub found
[    0.578107] hub 1-0:1.0: 16 ports detected
[    0.579327] xhci_hcd 0000:00:14.0: xHCI Host Controller
[    0.579737] xhci_hcd 0000:00:14.0: new USB bus registered, assigned bus number 2
[    0.580152] xhci_hcd 0000:00:14.0: Host supports USB 3.2 Enhanced SuperSpeed
[    0.580570] usb usb2: New USB device found, idVendor=1d6b, idProduct=0003, bcdDevice= 4.19
[    0.580979] usb usb2: New USB device strings: Mfr=3, Product=2, SerialNumber=1
[    0.581388] usb usb2: Product: xHCI Host Controller
[    0.581794] usb usb2: Manufacturer: Linux 4.19.239-llvm10 xhci-hcd
[    0.582193] usb usb2: SerialNumber: 0000:00:14.0
[    0.582840] hub 2-0:1.0: USB hub found
[    0.583267] hub 2-0:1.0: 10 ports detected
[    0.584325] i8042: PNP: No PS/2 controller found.
[    0.584970] mousedev: PS/2 mouse device common for all mice
[    0.585809] rtc_cmos rtc_cmos: RTC can wake from S4
[    0.586562] rtc_cmos rtc_cmos: registered as rtc0
[    0.586957] rtc_cmos rtc_cmos: alarms up to one month, y3k, 114 bytes nvram, hpet irqs
[    0.587342] i2c /dev entries driver
[    0.587749] device-mapper: uevent: version 1.0.3
[    0.588222] device-mapper: ioctl: 4.39.0-ioctl (2018-04-03) initialised: dm-devel@redhat.com
[    0.588610] intel_pstate: Intel P-state driver initializing
[    0.590332] intel_pstate: HWP enabled
[    0.590890] ledtrig-cpu: registered to indicate activity on CPUs
[    0.591255] EFI Variables Facility v0.08 2004-May-17
[    0.593498] drop_monitor: Initializing network drop monitor service
[    0.593926] NET: Registered protocol family 10
[    0.599361] Segment Routing with IPv6
[    0.599736] NET: Registered protocol family 17
[    0.600243] Key type dns_resolver registered
[    0.601999] mce: Using 20 MCE banks
[    0.602372] RAS: Correctable Errors collector initialized.
[    0.602805] microcode: sig=0x90672, pf=0x2, revision=0x9
[    0.603675] microcode: Microcode Update Driver: v2.2.
[    0.603678] sched_clock: Marking stable (607263725, -3589954)->(661704887, -58031116)
[    0.605361] registered taskstats version 1
[    0.605740] Loading compiled-in X.509 certificates
[    0.606128] zswap: loaded using pool lzo/zbud
[    0.606602] Key type trusted registered
[    0.608288] Key type encrypted registered
[    0.608661] AppArmor: AppArmor sha1 policy hashing enabled
[    0.609040] ima: Allocated hash algorithm: sha1
[    0.623847] evm: Initialising EVM extended attributes:
[    0.624218] evm: security.selinux
[    0.624580] evm: security.SMACK64
[    0.624950] evm: security.SMACK64EXEC
[    0.625291] evm: security.SMACK64TRANSMUTE
[    0.625630] evm: security.SMACK64MMAP
[    0.625972] evm: security.apparmor
[    0.626314] evm: security.ima
[    0.626666] evm: security.capability
[    0.627014] evm: HMAC attrs: 0x1
[    0.627893] BERT: Error records from previous boot:
[    0.628252] BERT: Max print length exceeded, table data is available at:
               /sys/firmware/acpi/tables/data/BERT
[    0.628258]   Magic number: 6:786:170
[    0.629285] acpi device:33: hash matches
[    0.629782] rtc_cmos rtc_cmos: setting system clock to 2022-05-03 09:09:05 UTC (1651568945)
[    0.794661]  nvme0n1: p1 p2
[    0.802259] Freeing unused decrypted memory: 2040K
[    0.803168] Freeing unused kernel image memory: 2608K
[    0.830840] Write protecting the kernel read-only data: 22528k
[    0.834685] Freeing unused kernel image memory: 1976K
[    0.834816] usb 1-10: new full-speed USB device number 2 using xhci_hcd
[    0.839549] Freeing unused kernel image memory: 1664K
[    0.851545] x86/mm: Checked W+X mappings: passed, no W+X pages found.
[    0.851978] Run /init as init process
[    0.949053] ahci 0000:00:17.0: version 3.0
[    0.949077] r8169 0000:02:00.0: can't disable ASPM; OS doesn't have ASPM control
[    0.949329] ahci 0000:00:17.0: AHCI 0001.0301 32 slots 4 ports 6 Gbps 0xf0 impl SATA mode
[    0.950192] ahci 0000:00:17.0: flags: 64bit ncq sntf led clo only pio slum part ems deso sadm sds 
[    0.960801] r8169 0000:02:00.0 eth0: RTL8168h/8111h, 00:e0:97:1a:5e:d6, XID 54100800, IRQ 135
[    0.961521] r8169 0000:02:00.0 eth0: jumbo features [frames: 9200 bytes, tx checksumming: ko]
[    0.962676] r8169 0000:02:00.0 enp2s0: renamed from eth0
[    0.991877] scsi host0: ahci
[    0.993251] scsi host1: ahci
[    0.994448] scsi host2: ahci
[    0.995770] scsi host3: ahci
[    0.997041] scsi host4: ahci
[    0.998147] scsi host5: ahci
[    0.999354] scsi host6: ahci
[    1.000333] scsi host7: ahci
[    1.001114] ata1: DUMMY
[    1.001195] usb 1-10: New USB device found, idVendor=1a81, idProduct=2039, bcdDevice= 1.11
[    1.001869] ata2: DUMMY
[    1.002635] usb 1-10: New USB device strings: Mfr=1, Product=2, SerialNumber=3
[    1.003465] ata3: DUMMY
[    1.004309] usb 1-10: Product: USB Keyboard
[    1.005097] ata4: DUMMY
[    1.005105] ata5: SATA max UDMA/133 abar m2048@0x80602000 port 0x80602300 irq 134
[    1.005868] usb 1-10: Manufacturer: USB Keyboard
[    1.006629] ata6: SATA max UDMA/133 abar m2048@0x80602000 port 0x80602380 irq 134
[    1.007447] usb 1-10: SerialNumber: C87ANOLightA
[    1.009726] ata7: SATA max UDMA/133 abar m2048@0x80602000 port 0x80602400 irq 134
[    1.010436] ata8: SATA max UDMA/133 abar m2048@0x80602000 port 0x80602480 irq 134
[    1.134774] usb 1-12: new full-speed USB device number 3 using xhci_hcd
[    1.289326] usb 1-12: New USB device found, idVendor=1ea7, idProduct=0064, bcdDevice= 2.00
[    1.290315] usb 1-12: New USB device strings: Mfr=0, Product=1, SerialNumber=0
[    1.291312] usb 1-12: Product: 2.4G Mouse
[    1.326411] ata5: SATA link down (SStatus 4 SControl 300)
[    1.327409] ata7: SATA link down (SStatus 4 SControl 300)
[    1.328428] ata6: SATA link down (SStatus 4 SControl 300)
[    1.329389] ata8: SATA link down (SStatus 4 SControl 300)
[    1.422811] usb 1-14: new full-speed USB device number 4 using xhci_hcd
[    1.572392] usb 1-14: New USB device found, idVendor=8888, idProduct=7ae0, bcdDevice= 1.01
[    1.573309] usb 1-14: New USB device strings: Mfr=1, Product=2, SerialNumber=0
[    1.574183] usb 1-14: Product: USB KEYBOARD
[    1.575128] usb 1-14: Manufacturer: HOLTEK
[    1.584423] hidraw: raw HID events driver (C) Jiri Kosina
[    1.599209] usbcore: registered new interface driver usbhid
[    1.600138] usbhid: USB HID core driver
[    1.603834] input: USB Keyboard USB Keyboard as /devices/pci0000:00/0000:00:14.0/usb1/1-10/1-10:1.0/0003:1A81:2039.0001/input/input3
[    1.663142] hid-generic 0003:1A81:2039.0001: input,hidraw0: USB HID v1.11 Keyboard [USB Keyboard USB Keyboard] on usb-0000:00:14.0-10/input0
[    1.665394] input: USB Keyboard USB Keyboard Keyboard as /devices/pci0000:00/0000:00:14.0/usb1/1-10/1-10:1.1/0003:1A81:2039.0002/input/input4
[    1.727014] input: USB Keyboard USB Keyboard Consumer Control as /devices/pci0000:00/0000:00:14.0/usb1/1-10/1-10:1.1/0003:1A81:2039.0002/input/input5
[    1.729486] hid-generic 0003:1A81:2039.0002: input,hidraw1: USB HID v1.11 Keyboard [USB Keyboard USB Keyboard] on usb-0000:00:14.0-10/input1
[    1.732119] hid-generic 0003:1A81:2039.0003: hiddev0,hidraw2: USB HID v1.11 Device [USB Keyboard USB Keyboard] on usb-0000:00:14.0-10/input2
[    1.733478] input: 2.4G Mouse as /devices/pci0000:00/0000:00:14.0/usb1/1-12/1-12:1.0/0003:1EA7:0064.0004/input/input6
[    1.734012] input: 2.4G Mouse Mouse as /devices/pci0000:00/0000:00:14.0/usb1/1-12/1-12:1.0/0003:1EA7:0064.0004/input/input7
[    1.734578] hid-generic 0003:1EA7:0064.0004: input,hiddev1,hidraw3: USB HID v1.10 Mouse [2.4G Mouse] on usb-0000:00:14.0-12/input0
[    1.737057] input: HOLTEK USB KEYBOARD as /devices/pci0000:00/0000:00:14.0/usb1/1-14/1-14:1.0/0003:8888:7AE0.0005/input/input8
[    1.799073] hid-generic 0003:8888:7AE0.0005: input,hidraw4: USB HID v1.10 Keyboard [HOLTEK USB KEYBOARD] on usb-0000:00:14.0-14/input0
[    1.802229] input: HOLTEK USB KEYBOARD System Control as /devices/pci0000:00/0000:00:14.0/usb1/1-14/1-14:1.1/0003:8888:7AE0.0006/input/input9
[    1.862987] input: HOLTEK USB KEYBOARD Consumer Control as /devices/pci0000:00/0000:00:14.0/usb1/1-14/1-14:1.1/0003:8888:7AE0.0006/input/input10
[    1.866405] input: HOLTEK USB KEYBOARD as /devices/pci0000:00/0000:00:14.0/usb1/1-14/1-14:1.1/0003:8888:7AE0.0006/input/input11
[    1.869271] hid-generic 0003:8888:7AE0.0006: input,hiddev2,hidraw5: USB HID v1.11 Device [HOLTEK USB KEYBOARD] on usb-0000:00:14.0-14/input1
[    1.872799] hid-generic 0003:8888:7AE0.0007: hiddev3,hidraw6: USB HID v1.11 Device [HOLTEK USB KEYBOARD] on usb-0000:00:14.0-14/input2
[    1.876523] hid-generic 0003:8888:7AE0.0008: hiddev4,hidraw7: USB HID v1.11 Device [HOLTEK USB KEYBOARD] on usb-0000:00:14.0-14/input3
[    1.999533] EXT4-fs (nvme0n1p2): mounted filesystem with ordered data mode. Opts: (null)
[    2.176354] systemd[1]: Inserted module 'autofs4'
[    2.181783] cgroup: cgroup2: unknown option "memory_recursiveprot"
[    2.189688] systemd[1]: systemd 248.3-1ubuntu8.5 running in system mode. (+PAM +AUDIT +SELINUX +APPARMOR +IMA +SMACK +SECCOMP +GCRYPT +GNUTLS -OPENSSL +ACL +BLKID +CURL +ELFUTILS -FIDO2 +IDN2 -IDN +IPTC +KMOD +LIBCRYPTSETUP -LIBFDISK +PCRE2 -PWQUALITY -P11KIT -QRENCODE +BZIP2 +LZ4 +XZ +ZLIB +ZSTD -XKBCOMMON +UTMP +SYSVINIT default-hierarchy=unified)
[    2.211020] systemd[1]: Detected architecture x86-64.
[    2.221405] systemd[1]: Hostname set to <wangzc-wangzc>.
[    2.564536] systemd[1]: /lib/systemd/system/trojan.service:9: Special user nobody configured, this is not safe!
[    2.576868] systemd[1]: Queued start job for default target Graphical Interface.
[    2.579239] systemd[1]: Created slice Virtual Machine and Container Slice.
[    2.580618] systemd[1]: Created slice system-modprobe.slice.
[    2.581889] systemd[1]: Created slice system-postfix.slice.
[    2.583137] systemd[1]: Created slice system-systemd\x2dfsck.slice.
[    2.584342] systemd[1]: Created slice User and Session Slice.
[    2.585477] systemd[1]: Started Forward Password Requests to Wall Directory Watch.
[    2.586751] systemd[1]: Set up automount Arbitrary Executable File Formats File System Automount Point.
[    2.587879] systemd[1]: Reached target User and Group Name Lookups.
[    2.588961] systemd[1]: Reached target Remote File Systems.
[    2.589992] systemd[1]: Reached target Slices.
[    2.590980] systemd[1]: Reached target Local Verity Integrity Protected Volumes.
[    2.591963] systemd[1]: Reached target Libvirt guests shutdown.
[    2.592952] systemd[1]: Listening on Device-mapper event daemon FIFOs.
[    2.593976] systemd[1]: Listening on LVM2 poll daemon socket.
[    2.594971] systemd[1]: Listening on Syslog Socket.
[    2.595962] systemd[1]: Listening on fsck to fsckd communication Socket.
[    2.596931] systemd[1]: Listening on initctl Compatibility Named Pipe.
[    2.597961] systemd[1]: Listening on Journal Audit Socket.
[    2.598980] systemd[1]: Listening on Journal Socket (/dev/log).
[    2.599987] systemd[1]: Listening on Journal Socket.
[    2.601040] systemd[1]: Listening on udev Control Socket.
[    2.601997] systemd[1]: Listening on udev Kernel Socket.
[    2.603229] systemd[1]: Mounting Huge Pages File System...
[    2.606092] systemd[1]: Mounting POSIX Message Queue File System...
[    2.607880] systemd[1]: Mounting Kernel Debug File System...
[    2.609106] systemd[1]: Mounting Kernel Trace File System...
[    2.611413] systemd[1]: Starting Journal Service...
[    2.612425] systemd[1]: Finished Availability of block devices.
[    2.613672] systemd[1]: Starting Set the console keyboard layout...
[    2.614832] systemd[1]: Starting Create list of static device nodes for the current kernel...
[    2.616008] systemd[1]: Starting Monitoring of LVM2 mirrors, snapshots etc. using dmeventd or progress polling...
[    2.617148] systemd[1]: Starting Load Kernel Module configfs...
[    2.618315] systemd[1]: Starting Load Kernel Module drm...
[    2.619445] systemd[1]: Starting Load Kernel Module fuse...
[    2.621208] systemd[1]: Starting Set Up Additional Binary Formats...
[    2.622153] systemd[1]: Condition check resulted in File System Check on Root Device being skipped.
[    2.623868] systemd[1]: Starting Load Kernel Modules...
[    2.625097] systemd[1]: Starting Remount Root and Kernel File Systems...
[    2.626303] systemd[1]: Starting Coldplug All udev Devices...
[    2.627719] systemd[1]: Starting Uncomplicated firewall...
[    2.628487] EXT4-fs (nvme0n1p2): re-mounted. Opts: errors=remount-ro
[    2.630042] systemd[1]: Started Journal Service.
[    2.631752] lp: driver loaded but no devices found
[    2.635338] ppdev: user-space parallel port driver
[    2.639538] version 39.2
[    2.640339] ipmi device interface
[    2.645325] systemd-journald[358]: Received client request to flush runtime journal.
[    2.651341] systemd-journald[358]: File /var/log/journal/b4617d9925894e26b37f4d331c1c9c23/system.journal corrupted or uncleanly shut down, renaming and replacing.
[    2.661315] Adding 2097148k swap on /swapfile.  Priority:-2 extents:6 across:2260988k SSFS
[    2.807278] acpi PNP0C14:01: duplicate WMI GUID 05901221-D566-11D1-B2F0-00A0C9062910 (first instance was on PNP0C14:00)
[    2.824774] cryptd: max_cpu_qlen set to 1000
[    2.830275] AVX2 version of gcm_enc/dec engaged.
[    2.830277] AES CTR mode by8 optimization enabled
[    2.864614] snd_hda_intel 0000:00:1f.3: enabling device (0000 -> 0002)
[    2.864809] snd_hda_intel 0000:00:1f.3: number of I/O streams is 16, forcing separate stream tags
[    2.880678] snd_hda_codec_realtek hdaudioC0D0: autoconfig for ALC897: line_outs=3 (0x14/0x15/0x16/0x0/0x0) type:line
[    2.880679] snd_hda_codec_realtek hdaudioC0D0:    speaker_outs=0 (0x0/0x0/0x0/0x0/0x0)
[    2.880679] snd_hda_codec_realtek hdaudioC0D0:    hp_outs=1 (0x1b/0x0/0x0/0x0/0x0)
[    2.880680] snd_hda_codec_realtek hdaudioC0D0:    mono: mono_out=0x0
[    2.880680] snd_hda_codec_realtek hdaudioC0D0:    dig-out=0x1e/0x0
[    2.880680] snd_hda_codec_realtek hdaudioC0D0:    inputs:
[    2.880681] snd_hda_codec_realtek hdaudioC0D0:      Front Mic=0x19
[    2.880681] snd_hda_codec_realtek hdaudioC0D0:      Rear Mic=0x18
[    2.880682] snd_hda_codec_realtek hdaudioC0D0:      Line=0x1a
[    2.897489] input: HDA Intel Front Mic as /devices/pci0000:00/0000:00:1f.3/sound/card0/input12
[    2.897531] input: HDA Intel Rear Mic as /devices/pci0000:00/0000:00:1f.3/sound/card0/input13
[    2.897558] input: HDA Intel Line as /devices/pci0000:00/0000:00:1f.3/sound/card0/input14
[    2.897587] input: HDA Intel Line Out Front as /devices/pci0000:00/0000:00:1f.3/sound/card0/input15
[    2.897620] input: HDA Intel Line Out Surround as /devices/pci0000:00/0000:00:1f.3/sound/card0/input16
[    2.897650] input: HDA Intel Line Out CLFE as /devices/pci0000:00/0000:00:1f.3/sound/card0/input17
[    2.897683] input: HDA Intel Front Headphone as /devices/pci0000:00/0000:00:1f.3/sound/card0/input18
[    3.244885] audit: type=1400 audit(1651568948.111:2): apparmor="STATUS" operation="profile_load" profile="unconfined" name="libreoffice-xpdfimport" pid=621 comm="apparmor_parser"
[    3.244971] audit: type=1400 audit(1651568948.111:3): apparmor="STATUS" operation="profile_load" profile="unconfined" name="libreoffice-senddoc" pid=619 comm="apparmor_parser"
[    3.245265] audit: type=1400 audit(1651568948.111:4): apparmor="STATUS" operation="profile_load" profile="unconfined" name="nvidia_modprobe" pid=613 comm="apparmor_parser"
[    3.245267] audit: type=1400 audit(1651568948.111:5): apparmor="STATUS" operation="profile_load" profile="unconfined" name="nvidia_modprobe//kmod" pid=613 comm="apparmor_parser"
[    3.245929] audit: type=1400 audit(1651568948.111:6): apparmor="STATUS" operation="profile_load" profile="unconfined" name="lsb_release" pid=612 comm="apparmor_parser"
[    3.245967] audit: type=1400 audit(1651568948.111:7): apparmor="STATUS" operation="profile_load" profile="unconfined" name="libreoffice-oosplash" pid=618 comm="apparmor_parser"
[    3.246025] audit: type=1400 audit(1651568948.111:8): apparmor="STATUS" operation="profile_load" profile="unconfined" name="virt-aa-helper" pid=622 comm="apparmor_parser"
[    3.246129] audit: type=1400 audit(1651568948.111:9): apparmor="STATUS" operation="profile_load" profile="unconfined" name="/usr/bin/man" pid=616 comm="apparmor_parser"
[    3.246131] audit: type=1400 audit(1651568948.111:10): apparmor="STATUS" operation="profile_load" profile="unconfined" name="man_filter" pid=616 comm="apparmor_parser"
[    5.073040] IPv6: ADDRCONF(NETDEV_UP): enp2s0: link is not ready
[    5.118789] Generic PHY r8169-200:00: attached PHY driver [Generic PHY] (mii_bus:phy_addr=r8169-200:00, irq=IGNORE)
[    5.229742] IPv6: ADDRCONF(NETDEV_UP): enp2s0: link is not ready
[    5.230173] r8169 0000:02:00.0 enp2s0: Link is Down
[    5.347494] bridge: filtering via arp/ip/ip6tables is no longer available by default. Update your scripts to load br_netfilter if you need this.
[    6.656125] kauditd_printk_skb: 36 callbacks suppressed
[    6.656127] audit: type=1400 audit(1651568951.523:47): apparmor="STATUS" operation="profile_replace" info="same as current profile, skipping" profile="unconfined" name="/snap/core/12834/usr/lib/snapd/snap-confine" pid=1052 comm="apparmor_parser"
[    6.656131] audit: type=1400 audit(1651568951.523:48): apparmor="STATUS" operation="profile_replace" info="same as current profile, skipping" profile="unconfined" name="/snap/core/12834/usr/lib/snapd/snap-confine//mount-namespace-capture-helper" pid=1052 comm="apparmor_parser"
[    6.810825] r8169 0000:02:00.0 enp2s0: Link is Up - 100Mbps/Full - flow control rx/tx
[    6.810837] IPv6: ADDRCONF(NETDEV_CHANGE): enp2s0: link becomes ready
[    6.843962] audit: type=1400 audit(1651568951.711:49): apparmor="DENIED" operation="capable" profile="/usr/sbin/cups-browsed" pid=1082 comm="cups-browsed" capability=23  capname="sys_nice"
[    6.926886] audit: type=1400 audit(1651568951.795:50): apparmor="STATUS" operation="profile_replace" info="same as current profile, skipping" profile="unconfined" name="snap-update-ns.firefox" pid=1055 comm="apparmor_parser"
[    6.927503] audit: type=1400 audit(1651568951.795:51): apparmor="STATUS" operation="profile_replace" info="same as current profile, skipping" profile="unconfined" name="snap-update-ns.snap-store" pid=1056 comm="apparmor_parser"
[    6.930839] audit: type=1400 audit(1651568951.799:52): apparmor="STATUS" operation="profile_replace" info="same as current profile, skipping" profile="unconfined" name="snap-update-ns.core" pid=1249 comm="apparmor_parser"
[    6.931104] audit: type=1400 audit(1651568951.799:53): apparmor="STATUS" operation="profile_replace" info="same as current profile, skipping" profile="unconfined" name="snap.tree.tree" pid=1248 comm="apparmor_parser"
[    6.931571] audit: type=1400 audit(1651568951.799:54): apparmor="STATUS" operation="profile_replace" info="same as current profile, skipping" profile="unconfined" name="snap-update-ns.tree" pid=1247 comm="apparmor_parser"
[    6.931690] audit: type=1400 audit(1651568951.799:55): apparmor="STATUS" operation="profile_replace" info="same as current profile, skipping" profile="unconfined" name="snap.snap-store.hook.configure" pid=1253 comm="apparmor_parser"
[    6.932139] audit: type=1400 audit(1651568951.799:56): apparmor="STATUS" operation="profile_replace" info="same as current profile, skipping" profile="unconfined" name="snap.firefox.hook.configure" pid=1252 comm="apparmor_parser"
[    7.379112] Bridge firewalling registered
[    7.422219] Initializing XFRM netlink socket
[   17.223043] rfkill: input handler disabled
[   35.121624] rfkill: input handler enabled
[   35.929569] rfkill: input handler disabled
[   36.148280] kauditd_printk_skb: 6 callbacks suppressed
[   36.148281] audit: type=1400 audit(1651568981.050:63): apparmor="DENIED" operation="capable" profile="/snap/core/12834/usr/lib/snapd/snap-confine" pid=3512 comm="snap-confine" capability=4  capname="fsetid"
[   37.624260] audit: type=1400 audit(1651568982.546:64): apparmor="DENIED" operation="open" profile="snap.snap-store.ubuntu-software" name="/etc/xdg/mimeapps.list" pid=3512 comm="snap-store" requested_mask="r" denied_mask="r" fsuid=1000 ouid=0
[   37.656953] audit: type=1326 audit(1651568982.579:65): auid=1000 uid=1000 gid=1000 ses=3 subj==snap.snap-store.ubuntu-software (enforce) pid=3512 comm="snap-store" exe="/snap/snap-store/558/usr/bin/snap-store" sig=0 arch=c000003e syscall=314 compat=0 ip=0x7f8a3094676d code=0x50000
[   39.051979] audit: type=1400 audit(1651568983.991:66): apparmor="DENIED" operation="open" profile="snap.snap-store.ubuntu-software" name="/etc/PackageKit/Vendor.conf" pid=3512 comm="snap-store" requested_mask="r" denied_mask="r" fsuid=1000 ouid=0
[   67.829592] ext4_monitor: loading out-of-tree module taints kernel.
[   67.832541] kprobe_init
                
[   69.262271] Planted fn & fp kretprobes
[ 6171.481651] kprobe exit
[ 6172.151248] kretprobe unregistered
[10712.635373] perf: interrupt took too long (2511 > 2500), lowering kernel.perf_event_max_sample_rate to 79500
